Archive member included to satisfy reference by file (symbol)

lib/Z-Ant/zig-out/lib/libstatic_lib.a(/home/marco/TheTinyBook/.zig-cache/o/20704ac8b4da9e2a7c9566b01f4d3fef/libstatic_lib.a.o)
                              CMakeFiles/main.dir/src/main.c.o (setLogFunction)
/usr/lib/gcc/arm-none-eabi/10.3.1/../../../arm-none-eabi/lib/thumb/v8-m.main+fp/softfp/libm.a(lib_a-sf_fmax.o)
                              lib/Z-Ant/zig-out/lib/libstatic_lib.a(/home/marco/TheTinyBook/.zig-cache/o/20704ac8b4da9e2a7c9566b01f4d3fef/libstatic_lib.a.o) (fmaxf)
/usr/lib/gcc/arm-none-eabi/10.3.1/../../../arm-none-eabi/lib/thumb/v8-m.main+fp/softfp/libm.a(lib_a-sf_fpclassify.o)
                              /usr/lib/gcc/arm-none-eabi/10.3.1/../../../arm-none-eabi/lib/thumb/v8-m.main+fp/softfp/libm.a(lib_a-sf_fmax.o) (__fpclassifyf)
/usr/lib/gcc/arm-none-eabi/10.3.1/../../../arm-none-eabi/lib/thumb/v8-m.main+fp/softfp/libm.a(lib_a-wf_sqrt.o)
                              CMakeFiles/main.dir/pico-sdk/src/rp2_common/pico_float/float_math.c.o (sqrtf)
/usr/lib/gcc/arm-none-eabi/10.3.1/../../../arm-none-eabi/lib/thumb/v8-m.main+fp/softfp/libm.a(lib_a-ef_sqrt.o)
                              /usr/lib/gcc/arm-none-eabi/10.3.1/../../../arm-none-eabi/lib/thumb/v8-m.main+fp/softfp/libm.a(lib_a-wf_sqrt.o) (__ieee754_sqrtf)
/usr/lib/gcc/arm-none-eabi/10.3.1/../../../arm-none-eabi/lib/thumb/v8-m.main+fp/softfp/libm.a(lib_a-s_lib_ver.o)
                              /usr/lib/gcc/arm-none-eabi/10.3.1/../../../arm-none-eabi/lib/thumb/v8-m.main+fp/softfp/libm.a(lib_a-wf_sqrt.o) (__fdlib_version)
/usr/lib/gcc/arm-none-eabi/10.3.1/thumb/v8-m.main+fp/softfp/libgcc.a(_arm_mulsf3.o)
                              lib/Z-Ant/zig-out/lib/libstatic_lib.a(/home/marco/TheTinyBook/.zig-cache/o/20704ac8b4da9e2a7c9566b01f4d3fef/libstatic_lib.a.o) (__aeabi_fmul)
/usr/lib/gcc/arm-none-eabi/10.3.1/thumb/v8-m.main+fp/softfp/libgcc.a(_arm_addsubdf3.o)
                              CMakeFiles/main.dir/src/main.c.o (__aeabi_f2d)
/usr/lib/gcc/arm-none-eabi/10.3.1/thumb/v8-m.main+fp/softfp/libgcc.a(_arm_addsubsf3.o)
                              lib/Z-Ant/zig-out/lib/libstatic_lib.a(/home/marco/TheTinyBook/.zig-cache/o/20704ac8b4da9e2a7c9566b01f4d3fef/libstatic_lib.a.o) (__aeabi_fadd)
/usr/lib/gcc/arm-none-eabi/10.3.1/thumb/v8-m.main+fp/softfp/libgcc.a(_arm_cmpsf2.o)
                              lib/Z-Ant/zig-out/lib/libstatic_lib.a(/home/marco/TheTinyBook/.zig-cache/o/20704ac8b4da9e2a7c9566b01f4d3fef/libstatic_lib.a.o) (__aeabi_fcmpeq)
/usr/lib/gcc/arm-none-eabi/10.3.1/thumb/v8-m.main+fp/softfp/libgcc.a(_arm_fixunssfsi.o)
                              lib/Z-Ant/zig-out/lib/libstatic_lib.a(/home/marco/TheTinyBook/.zig-cache/o/20704ac8b4da9e2a7c9566b01f4d3fef/libstatic_lib.a.o) (__aeabi_f2uiz)
/usr/lib/gcc/arm-none-eabi/10.3.1/thumb/v8-m.main+fp/softfp/libgcc.a(_aeabi_ldivmod.o)
                              CMakeFiles/main.dir/pico-sdk/src/rp2_common/hardware_clocks/clocks.c.o (__aeabi_ldivmod)
/usr/lib/gcc/arm-none-eabi/10.3.1/thumb/v8-m.main+fp/softfp/libgcc.a(_aeabi_uldivmod.o)
                              CMakeFiles/main.dir/pico-sdk/src/rp2_common/hardware_clocks/clocks.c.o (__aeabi_uldivmod)
/usr/lib/gcc/arm-none-eabi/10.3.1/thumb/v8-m.main+fp/softfp/libgcc.a(_udivmoddi4.o)
                              /usr/lib/gcc/arm-none-eabi/10.3.1/thumb/v8-m.main+fp/softfp/libgcc.a(_aeabi_ldivmod.o) (__udivmoddi4)
/usr/lib/gcc/arm-none-eabi/10.3.1/thumb/v8-m.main+fp/softfp/libgcc.a(_dvmd_tls.o)
                              /usr/lib/gcc/arm-none-eabi/10.3.1/thumb/v8-m.main+fp/softfp/libgcc.a(_aeabi_ldivmod.o) (__aeabi_ldiv0)
/usr/lib/gcc/arm-none-eabi/10.3.1/../../../arm-none-eabi/lib/thumb/v8-m.main+fp/softfp/libg.a(lib_a-aeabi_memclr.o)
                              lib/Z-Ant/zig-out/lib/libstatic_lib.a(/home/marco/TheTinyBook/.zig-cache/o/20704ac8b4da9e2a7c9566b01f4d3fef/libstatic_lib.a.o) (__aeabi_memclr)
/usr/lib/gcc/arm-none-eabi/10.3.1/../../../arm-none-eabi/lib/thumb/v8-m.main+fp/softfp/libg.a(lib_a-aeabi_memcpy.o)
                              lib/Z-Ant/zig-out/lib/libstatic_lib.a(/home/marco/TheTinyBook/.zig-cache/o/20704ac8b4da9e2a7c9566b01f4d3fef/libstatic_lib.a.o) (__aeabi_memcpy)
/usr/lib/gcc/arm-none-eabi/10.3.1/../../../arm-none-eabi/lib/thumb/v8-m.main+fp/softfp/libg.a(lib_a-aeabi_memset-soft.o)
                              /usr/lib/gcc/arm-none-eabi/10.3.1/../../../arm-none-eabi/lib/thumb/v8-m.main+fp/softfp/libg.a(lib_a-aeabi_memclr.o) (__aeabi_memset)
/usr/lib/gcc/arm-none-eabi/10.3.1/../../../arm-none-eabi/lib/thumb/v8-m.main+fp/softfp/libg.a(lib_a-atexit.o)
                              /usr/lib/gcc/arm-none-eabi/10.3.1/../../../arm-none-eabi/lib/thumb/v8-m.main+fp/softfp/crt0.o (atexit)
/usr/lib/gcc/arm-none-eabi/10.3.1/../../../arm-none-eabi/lib/thumb/v8-m.main+fp/softfp/libg.a(lib_a-calloc.o)
                              CMakeFiles/main.dir/pico-sdk/src/rp2_common/pico_malloc/malloc.c.o (calloc)
[...]
Memory Configuration

Name             Origin             Length             Attributes
FLASH            0x0000000010000000 0x0000000000400000 xr
RAM              0x0000000020000000 0x0000000000080000 xrw
SCRATCH_X        0x0000000020080000 0x0000000000001000 xrw
SCRATCH_Y        0x0000000020081000 0x0000000000001000 xrw
*default*        0x0000000000000000 0xffffffffffffffff

Linker script and memory map

LOAD /usr/lib/gcc/arm-none-eabi/10.3.1/thumb/v8-m.main+fp/softfp/crti.o
LOAD /usr/lib/gcc/arm-none-eabi/10.3.1/thumb/v8-m.main+fp/softfp/crtbegin.o
LOAD /usr/lib/gcc/arm-none-eabi/10.3.1/../../../arm-none-eabi/lib/thumb/v8-m.main+fp/softfp/crt0.o

.flash_begin    0x0000000010000000        0x0
                0x0000000010000000                __flash_binary_start = .

.text           0x0000000010000000     0x80c0
                0x0000000010000000                __logical_binary_start = .
 *(.vectors)
 .vectors       0x0000000010000000      0x124 CMakeFiles/main.dir/pico-sdk/src/rp2_common/pico_crt0/crt0.S.o
                0x0000000010000000                __vectors
                0x0000000010000000                __VECTOR_TABLE
                0x0000000010000110                isr_invalid
                0x0000000010000110                __default_isrs_start
                0x0000000010000112                isr_nmi
                0x0000000010000114                isr_hardfault
                0x0000000010000116                isr_svcall
                0x0000000010000118                isr_pendsv
                0x000000001000011a                isr_systick
                0x000000001000011c                isr_irq30
                0x000000001000011c                __unhandled_user_irq
                0x000000001000011c                isr_irq49
                0x000000001000011c                isr_irq13
                0x000000001000011c                isr_irq43
                0x000000001000011c                isr_irq45
                0x000000001000011c                isr_irq27
                0x000000001000011c                isr_irq32
                0x000000001000011c                isr_irq31
                0x000000001000011c                isr_irq5
                0x000000001000011c                isr_irq11
                0x000000001000011c                isr_irq23
                0x000000001000011c                isr_irq48
                0x000000001000011c                isr_irq35
                0x000000001000011c                isr_irq18
                0x000000001000011c                isr_irq50
                0x000000001000011c                isr_irq40
                0x000000001000011c                isr_irq28
                0x000000001000011c                isr_irq19
                0x000000001000011c                isr_irq36
                0x000000001000011c                isr_irq41
                0x000000001000011c                isr_irq0
                0x000000001000011c                isr_irq6
                0x000000001000011c                isr_irq37
                0x000000001000011c                isr_irq42
                0x000000001000011c                isr_irq22
                0x000000001000011c                isr_irq17
                0x000000001000011c                isr_irq38
                0x000000001000011c                isr_irq14
                0x000000001000011c                isr_irq2
                0x000000001000011c                isr_irq10
                0x000000001000011c                isr_irq8
                0x000000001000011c                isr_irq24
                0x000000001000011c                isr_irq46
                0x000000001000011c                isr_irq1
                0x000000001000011c                isr_irq47
                0x000000001000011c                isr_irq51
                0x000000001000011c                isr_irq7
                0x000000001000011c                isr_irq21
                0x000000001000011c                isr_irq39
                0x000000001000011c                isr_irq20
                0x000000001000011c                isr_irq15
                0x000000001000011c                isr_irq25
                0x000000001000011c                isr_irq34
                0x000000001000011c                isr_irq4
                0x000000001000011c                isr_irq16
                0x000000001000011c                isr_irq44
                0x000000001000011c                isr_irq29
                0x000000001000011c                isr_irq26
                0x000000001000011c                __default_isrs_end
                0x000000001000011c                isr_irq33
                0x000000001000011c                isr_irq3
                0x000000001000011c                isr_irq12
                0x000000001000011c                isr_irq9
                0x0000000010000122                unhandled_user_irq_num_in_r0
 *(.binary_info_header)
 .binary_info_header
                0x0000000010000124       0x14 CMakeFiles/main.dir/pico-sdk/src/rp2_common/pico_crt0/crt0.S.o
                0x0000000010000138                __binary_info_header_end = .
 *(.embedded_block)
 .embedded_block
                0x0000000010000138       0x14 CMakeFiles/main.dir/pico-sdk/src/rp2_common/pico_crt0/crt0.S.o
                0x000000001000014c                __embedded_block_end = .
 *(.reset)
 .reset         0x000000001000014c       0xa0 CMakeFiles/main.dir/pico-sdk/src/rp2_common/pico_crt0/crt0.S.o
                0x000000001000014c                _entry_point
 *(.init)
 .init          0x00000000100001ec        0x4 /usr/lib/gcc/arm-none-eabi/10.3.1/thumb/v8-m.main+fp/softfp/crti.o
                0x00000000100001ec                _init
 *libgcc.a:cmse_nonsecure_call.o()
 *(EXCLUDE_FILE(*libm.a: *libc.a:*lib_a-mem*.o *libgcc.a:) .text*)
 .text          0x00000000100001f0       0x8c /usr/lib/gcc/arm-none-eabi/10.3.1/thumb/v8-m.main+fp/softfp/crtbegin.o
 .text.dma_handler
                0x000000001000027c       0x80 CMakeFiles/main.dir/src/main.c.o
                0x000000001000027c                dma_handler
 .text.log_fn   0x00000000100002fc        0x4 CMakeFiles/main.dir/src/main.c.o
 .text.startup.main
                0x0000000010000300      0x26c CMakeFiles/main.dir/src/main.c.o
                0x0000000010000300                main
 .text.spi_init
                0x000000001000056c       0xf4 CMakeFiles/main.dir/pico-sdk/src/rp2_common/hardware_spi/spi.c.o
                0x000000001000056c                spi_init
 .text.panic    0x0000000010000660       0x30 CMakeFiles/main.dir/pico-sdk/src/rp2_common/pico_platform_panic/panic.c.o
                0x0000000010000660                panic
 .text.hw_claim_or_assert
                0x0000000010000690       0x5c CMakeFiles/main.dir/pico-sdk/src/common/hardware_claim/claim.c.o
                0x0000000010000690                hw_claim_or_assert
 .text.hw_claim_unused_from_range
                0x00000000100006ec       0x9c CMakeFiles/main.dir/pico-sdk/src/common/hardware_claim/claim.c.o
                0x00000000100006ec                hw_claim_unused_from_range
 .text.next_striped_spin_lock_num
                0x0000000010000788       0x18 CMakeFiles/main.dir/pico-sdk/src/rp2_common/hardware_sync/sync.c.o
                0x0000000010000788                next_striped_spin_lock_num
 .text.spin_lock_claim_unused
                0x00000000100007a0       0x20 CMakeFiles/main.dir/pico-sdk/src/rp2_common/hardware_sync/sync.c.o
                0x00000000100007a0                spin_lock_claim_unused
 .text.spinlock_set_extexclall
                0x00000000100007c0       0x10 CMakeFiles/main.dir/pico-sdk/src/rp2_common/hardware_sync_spin_lock/sync_spin_lock.c.o
 .text.spin_locks_reset
                0x00000000100007d0       0x18 CMakeFiles/main.dir/pico-sdk/src/rp2_common/hardware_sync_spin_lock/sync_spin_lock.c.o
                0x00000000100007d0                spin_locks_reset
 .text.clock_configure_undivided
                0x00000000100007e8       0xd0 CMakeFiles/main.dir/pico-sdk/src/rp2_common/hardware_clocks/clocks.c.o
                0x00000000100007e8                clock_configure_undivided
 .text.clock_get_hz
                0x00000000100008b8        0xc CMakeFiles/main.dir/pico-sdk/src/rp2_common/hardware_clocks/clocks.c.o
                0x00000000100008b8                clock_get_hz
 .text.gpio_set_function
                0x00000000100008c4       0x3c CMakeFiles/main.dir/pico-sdk/src/rp2_common/hardware_gpio/gpio.c.o
                0x00000000100008c4                gpio_set_function
 .text.gpio_init
                0x0000000010000900       0x44 CMakeFiles/main.dir/pico-sdk/src/rp2_common/hardware_gpio/gpio.c.o
                0x0000000010000900                gpio_init
 .text.runtime_init_per_core_irq_priorities
                0x0000000010000944       0x40 CMakeFiles/main.dir/pico-sdk/src/rp2_common/hardware_irq/irq.c.o
                0x0000000010000944                runtime_init_per_core_irq_priorities
 .text.irq_set_enabled
                0x0000000010000984       0x2c CMakeFiles/main.dir/pico-sdk/src/rp2_common/hardware_irq/irq.c.o
                0x0000000010000984                irq_set_enabled
 .text.irq_is_enabled
                0x00000000100009b0       0x20 CMakeFiles/main.dir/pico-sdk/src/rp2_common/hardware_irq/irq.c.o
                0x00000000100009b0                irq_is_enabled
 .text.irq_set_pending
                0x00000000100009d0       0x1c CMakeFiles/main.dir/pico-sdk/src/rp2_common/hardware_irq/irq.c.o
                0x00000000100009d0                irq_set_pending
 .text.irq_has_shared_handler
                0x00000000100009ec       0x24 CMakeFiles/main.dir/pico-sdk/src/rp2_common/hardware_irq/irq.c.o
                0x00000000100009ec                irq_has_shared_handler
 .text.irq_set_exclusive_handler
                0x0000000010000a10       0x60 CMakeFiles/main.dir/pico-sdk/src/rp2_common/hardware_irq/irq.c.o
                0x0000000010000a10                irq_set_exclusive_handler
 .text.irq_add_shared_handler
                0x0000000010000a70      0x1e8 CMakeFiles/main.dir/pico-sdk/src/rp2_common/hardware_irq/irq.c.o
                0x0000000010000a70                irq_add_shared_handler
 .text.irq_add_tail_to_free_list
                0x0000000010000c58       0xbc CMakeFiles/main.dir/pico-sdk/src/rp2_common/hardware_irq/irq.c.o
                0x0000000010000c58                irq_add_tail_to_free_list
 .text.user_irq_claim_unused
                0x0000000010000d14       0x28 CMakeFiles/main.dir/pico-sdk/src/rp2_common/hardware_irq/irq.c.o
                0x0000000010000d14                user_irq_claim_unused
 .text.lock_init
                0x0000000010000d3c        0xc CMakeFiles/main.dir/pico-sdk/src/common/pico_sync/lock_core.c.o
                0x0000000010000d3c                lock_init
 .text.runtime_init_mutex
                0x0000000010000d48       0x54 CMakeFiles/main.dir/pico-sdk/src/common/pico_sync/mutex.c.o
                0x0000000010000d48                runtime_init_mutex
 .text.mutex_init
                0x0000000010000d9c       0x1c CMakeFiles/main.dir/pico-sdk/src/common/pico_sync/mutex.c.o
                0x0000000010000d9c                mutex_init
 .text.critical_section_init
                0x0000000010000db8       0x1c CMakeFiles/main.dir/pico-sdk/src/common/pico_sync/critical_section.c.o
                0x0000000010000db8                critical_section_init
 .text.critical_section_init_with_lock_num
                0x0000000010000dd4       0x10 CMakeFiles/main.dir/pico-sdk/src/common/pico_sync/critical_section.c.o
                0x0000000010000dd4                critical_section_init_with_lock_num
 .text.sleep_until_callback
                0x0000000010000de4       0x3c CMakeFiles/main.dir/pico-sdk/src/common/pico_time/time.c.o
 .text.alarm_pool_irq_handler
                0x0000000010000e20      0x2f8 CMakeFiles/main.dir/pico-sdk/src/common/pico_time/time.c.o
 .text.runtime_init_default_alarm_pool
                0x0000000010001118      0x100 CMakeFiles/main.dir/pico-sdk/src/common/pico_time/time.c.o
                0x0000000010001118                runtime_init_default_alarm_pool
 .text.alarm_pool_get_default
                0x0000000010001218        0x8 CMakeFiles/main.dir/pico-sdk/src/common/pico_time/time.c.o
                0x0000000010001218                alarm_pool_get_default
 .text.alarm_pool_add_alarm_at
                0x0000000010001220       0xdc CMakeFiles/main.dir/pico-sdk/src/common/pico_time/time.c.o
                0x0000000010001220                alarm_pool_add_alarm_at
 .text.alarm_pool_add_alarm_at_force_in_context
                0x00000000100012fc       0xc4 CMakeFiles/main.dir/pico-sdk/src/common/pico_time/time.c.o
                0x00000000100012fc                alarm_pool_add_alarm_at_force_in_context
 .text.alarm_pool_cancel_alarm
                0x00000000100013c0       0x80 CMakeFiles/main.dir/pico-sdk/src/common/pico_time/time.c.o
                0x00000000100013c0                alarm_pool_cancel_alarm
 .text.alarm_pool_core_num
                0x0000000010001440        0x4 CMakeFiles/main.dir/pico-sdk/src/common/pico_time/time.c.o
                0x0000000010001440                alarm_pool_core_num
 .text.sleep_until
                0x0000000010001444       0xbc CMakeFiles/main.dir/pico-sdk/src/common/pico_time/time.c.o
                0x0000000010001444                sleep_until
 .text.sleep_ms
                0x0000000010001500       0x24 CMakeFiles/main.dir/pico-sdk/src/common/pico_time/time.c.o
                0x0000000010001500                sleep_ms
 .text.best_effort_wfe_or_timeout
                0x0000000010001524       0xbc CMakeFiles/main.dir/pico-sdk/src/common/pico_time/time.c.o
                0x0000000010001524                best_effort_wfe_or_timeout
 .text.timer_hardware_alarm_claim
                0x00000000100015e0       0x24 CMakeFiles/main.dir/pico-sdk/src/rp2_common/hardware_timer/timer.c.o
                0x00000000100015e0                timer_hardware_alarm_claim
 .text.timer_time_us_64
                0x0000000010001604       0x10 CMakeFiles/main.dir/pico-sdk/src/rp2_common/hardware_timer/timer.c.o
                0x0000000010001604                timer_time_us_64
 .text.time_us_64
                0x0000000010001614       0x14 CMakeFiles/main.dir/pico-sdk/src/rp2_common/hardware_timer/timer.c.o
                0x0000000010001614                time_us_64
 .text.busy_wait_until
                0x0000000010001628       0x24 CMakeFiles/main.dir/pico-sdk/src/rp2_common/hardware_timer/timer.c.o
                0x0000000010001628                busy_wait_until
 .text.pll_init
                0x000000001000164c       0x8c CMakeFiles/main.dir/pico-sdk/src/rp2_common/hardware_pll/pll.c.o
                0x000000001000164c                pll_init
 .text.watchdog_reboot
                0x00000000100016d8       0x9c CMakeFiles/main.dir/pico-sdk/src/rp2_common/hardware_watchdog/watchdog.c.o
                0x00000000100016d8                watchdog_reboot
 .text.tick_start
                0x0000000010001774       0x18 CMakeFiles/main.dir/pico-sdk/src/rp2_common/hardware_ticks/ticks.c.o
                0x0000000010001774                tick_start
 .text.rom_reboot.constprop.0.isra.0
                0x000000001000178c       0x38 CMakeFiles/main.dir/pico-sdk/src/rp2_common/pico_bootrom/bootrom.c.o
 .text.rom_func_lookup
                0x00000000100017c4       0x18 CMakeFiles/main.dir/pico-sdk/src/rp2_common/pico_bootrom/bootrom.c.o
                0x00000000100017c4                rom_func_lookup
 .text.rom_reset_usb_boot_extra
                0x00000000100017dc       0x1c CMakeFiles/main.dir/pico-sdk/src/rp2_common/pico_bootrom/bootrom.c.o
                0x00000000100017dc                rom_reset_usb_boot_extra
 .text.runtime_init_bootrom_locking_enable
                0x00000000100017f8       0x14 CMakeFiles/main.dir/pico-sdk/src/rp2_common/pico_bootrom/bootrom_lock.c.o
                0x00000000100017f8                runtime_init_bootrom_locking_enable
 .text.runtime_init_boot_locks_reset
                0x000000001000180c       0x1c CMakeFiles/main.dir/pico-sdk/src/rp2_common/hardware_boot_lock/boot_lock.c.o
                0x000000001000180c                runtime_init_boot_locks_reset
 .text.xosc_init
                0x0000000010001828       0x2c CMakeFiles/main.dir/pico-sdk/src/rp2_common/hardware_xosc/xosc.c.o
                0x0000000010001828                xosc_init
 .text.dma_claim_unused_channel
                0x0000000010001854       0x20 CMakeFiles/main.dir/pico-sdk/src/rp2_common/hardware_dma/dma.c.o
                0x0000000010001854                dma_claim_unused_channel
 .text.first_per_core_initializer
                0x0000000010001874        0x4 CMakeFiles/main.dir/pico-sdk/src/rp2_common/pico_runtime/runtime.c.o
 .text.hard_assertion_failure
                0x0000000010001878        0xc CMakeFiles/main.dir/pico-sdk/src/rp2_common/pico_runtime/runtime.c.o
                0x0000000010001878                hard_assertion_failure
 .text.runtime_run_initializers
                0x0000000010001884       0x20 CMakeFiles/main.dir/pico-sdk/src/rp2_common/pico_runtime/runtime.c.o
                0x0000000010001884                runtime_run_initializers
 .text.runtime_init_early_resets
                0x00000000100018a4       0x34 CMakeFiles/main.dir/pico-sdk/src/rp2_common/pico_runtime_init/runtime_init.c.o
                0x00000000100018a4                runtime_init_early_resets
 .text.runtime_init_usb_power_down
                0x00000000100018d8       0x1c CMakeFiles/main.dir/pico-sdk/src/rp2_common/pico_runtime_init/runtime_init.c.o
                0x00000000100018d8                runtime_init_usb_power_down
 .text.runtime_init_per_core_enable_coprocessors
                0x00000000100018f4       0x1c CMakeFiles/main.dir/pico-sdk/src/rp2_common/pico_runtime_init/runtime_init.c.o
                0x00000000100018f4                runtime_init_per_core_enable_coprocessors
 .text.runtime_init_post_clock_resets
                0x0000000010001910       0x20 CMakeFiles/main.dir/pico-sdk/src/rp2_common/pico_runtime_init/runtime_init.c.o
                0x0000000010001910                runtime_init_post_clock_resets
 .text.runtime_init_bootrom_reset
                0x0000000010001930       0x14 CMakeFiles/main.dir/pico-sdk/src/rp2_common/pico_runtime_init/runtime_init.c.o
                0x0000000010001930                runtime_init_bootrom_reset
 .text.runtime_init_per_core_bootrom_reset
                0x0000000010001944       0x14 CMakeFiles/main.dir/pico-sdk/src/rp2_common/pico_runtime_init/runtime_init.c.o
                0x0000000010001944                runtime_init_per_core_bootrom_reset
 .text.runtime_init_spin_locks_reset
                0x0000000010001958        0x4 CMakeFiles/main.dir/pico-sdk/src/rp2_common/pico_runtime_init/runtime_init.c.o
                0x0000000010001958                runtime_init_spin_locks_reset
 .text.runtime_init_install_ram_vector_table
                0x000000001000195c       0x20 CMakeFiles/main.dir/pico-sdk/src/rp2_common/pico_runtime_init/runtime_init.c.o
                0x000000001000195c                runtime_init_install_ram_vector_table
 .text.runtime_init_clocks
                0x000000001000197c       0xdc CMakeFiles/main.dir/pico-sdk/src/rp2_common/pico_runtime_init/runtime_init_clocks.c.o
                0x000000001000197c                runtime_init_clocks
 .text.__rp2350_dcp_engaged_state_save_restore
                0x0000000010001a58       0x3a CMakeFiles/main.dir/pico-sdk/src/rp2_common/pico_double/double_aeabi_dcp.S.o
 *fill*         0x0000000010001a92        0x2 
 .text.__wrap___aeabi_dadd
                0x0000000010001a94       0x28 CMakeFiles/main.dir/pico-sdk/src/rp2_common/pico_double/double_aeabi_dcp.S.o
                0x0000000010001a9c                __wrap___aeabi_dadd
 .text.__wrap___aeabi_dsub
                0x0000000010001abc       0x28 CMakeFiles/main.dir/pico-sdk/src/rp2_common/pico_double/double_aeabi_dcp.S.o
                0x0000000010001ac4                __wrap___aeabi_dsub
 .text.__wrap___aeabi_dmul
                0x0000000010001ae4       0x4c CMakeFiles/main.dir/pico-sdk/src/rp2_common/pico_double/double_aeabi_dcp.S.o
                0x0000000010001aec                __wrap___aeabi_dmul
 .text.__wrap___aeabi_ddiv
                0x0000000010001b30       0x9c CMakeFiles/main.dir/pico-sdk/src/rp2_common/pico_double/double_aeabi_dcp.S.o
                0x0000000010001b38                __wrap___aeabi_ddiv
 .text.__wrap___aeabi_i2d
                0x0000000010001bcc       0x24 CMakeFiles/main.dir/pico-sdk/src/rp2_common/pico_double/double_aeabi_dcp.S.o
                0x0000000010001bd4                __wrap___aeabi_i2d
 .text.__wrap___aeabi_ui2d
                0x0000000010001bf0       0x24 CMakeFiles/main.dir/pico-sdk/src/rp2_common/pico_double/double_aeabi_dcp.S.o
                0x0000000010001bf8                __wrap___aeabi_ui2d
 .text.__wrap___aeabi_d2iz
                0x0000000010001c14       0x24 CMakeFiles/main.dir/pico-sdk/src/rp2_common/pico_double/double_aeabi_dcp.S.o
                0x0000000010001c1c                __wrap___aeabi_d2iz
 .text.__wrap___aeabi_d2uiz
                0x0000000010001c38       0x24 CMakeFiles/main.dir/pico-sdk/src/rp2_common/pico_double/double_aeabi_dcp.S.o
                0x0000000010001c40                __wrap___aeabi_d2uiz
 .text.__wrap___aeabi_dcmpun
                0x0000000010001c5c       0x24 CMakeFiles/main.dir/pico-sdk/src/rp2_common/pico_double/double_aeabi_dcp.S.o
                0x0000000010001c64                __wrap___aeabi_dcmpun
 .text.__wrap___aeabi_dcmplt
                0x0000000010001c80       0x28 CMakeFiles/main.dir/pico-sdk/src/rp2_common/pico_double/double_aeabi_dcp.S.o
                0x0000000010001c88                __wrap___aeabi_dcmplt
 .text.__wrap___aeabi_dcmple
                0x0000000010001ca8       0x28 CMakeFiles/main.dir/pico-sdk/src/rp2_common/pico_double/double_aeabi_dcp.S.o
                0x0000000010001cb0                __wrap___aeabi_dcmple
 .text.__wrap___aeabi_dcmpge
                0x0000000010001cd0       0x28 CMakeFiles/main.dir/pico-sdk/src/rp2_common/pico_double/double_aeabi_dcp.S.o
                0x0000000010001cd8                __wrap___aeabi_dcmpge
 .text.__wrap___aeabi_dcmpgt
                0x0000000010001cf8       0x28 CMakeFiles/main.dir/pico-sdk/src/rp2_common/pico_double/double_aeabi_dcp.S.o
                0x0000000010001d00                __wrap___aeabi_dcmpgt
 .text.__wrap_malloc
                0x0000000010001d20       0x24 CMakeFiles/main.dir/pico-sdk/src/rp2_common/pico_malloc/malloc.c.o
                0x0000000010001d20                __wrap_malloc
 .text.__wrap_free
                0x0000000010001d44        0x4 CMakeFiles/main.dir/pico-sdk/src/rp2_common/pico_malloc/malloc.c.o
                0x0000000010001d44                __wrap_free
 .text._out_null
                0x0000000010001d48        0x4 CMakeFiles/main.dir/pico-sdk/src/rp2_common/pico_printf/printf.c.o
 .text._out_rev
                0x0000000010001d4c       0x88 CMakeFiles/main.dir/pico-sdk/src/rp2_common/pico_printf/printf.c.o
 .text._ntoa_format
                0x0000000010001dd4      0x1e8 CMakeFiles/main.dir/pico-sdk/src/rp2_common/pico_printf/printf.c.o
 .text._out_char
                0x0000000010001fbc        0x8 CMakeFiles/main.dir/pico-sdk/src/rp2_common/pico_printf/printf.c.o
 .text._out_fct
                0x0000000010001fc4        0xc CMakeFiles/main.dir/pico-sdk/src/rp2_common/pico_printf/printf.c.o
 .text._etoa    0x0000000010001fd0      0x460 CMakeFiles/main.dir/pico-sdk/src/rp2_common/pico_printf/printf.c.o
 .text._ftoa    0x0000000010002430      0x3d8 CMakeFiles/main.dir/pico-sdk/src/rp2_common/pico_printf/printf.c.o
 .text._vsnprintf
                0x0000000010002808      0x9c8 CMakeFiles/main.dir/pico-sdk/src/rp2_common/pico_printf/printf.c.o
 .text.vfctprintf
                0x00000000100031d0       0x28 CMakeFiles/main.dir/pico-sdk/src/rp2_common/pico_printf/printf.c.o
                0x00000000100031d0                vfctprintf
 .text.weak_raw_vprintf
                0x00000000100031f8       0x30 CMakeFiles/main.dir/pico-sdk/src/rp2_common/pico_printf/printf.c.o
                0x00000000100031f8                weak_raw_vprintf
 .text._exit    0x0000000010003228        0x4 CMakeFiles/main.dir/pico-sdk/src/rp2_common/pico_clib_interface/newlib_interface.c.o
                0x0000000010003228                _exit
 .text._sbrk    0x000000001000322c       0x2c CMakeFiles/main.dir/pico-sdk/src/rp2_common/pico_clib_interface/newlib_interface.c.o
                0x000000001000322c                _sbrk
 .text.exit     0x0000000010003258        0x8 CMakeFiles/main.dir/pico-sdk/src/rp2_common/pico_clib_interface/newlib_interface.c.o
                0x0000000010003258                exit
 .text.runtime_init
                0x0000000010003260       0x24 CMakeFiles/main.dir/pico-sdk/src/rp2_common/pico_clib_interface/newlib_interface.c.o
                0x0000000010003260                runtime_init
 .text.stdio_out_chars_no_crlf
                0x0000000010003284        0x8 CMakeFiles/main.dir/pico-sdk/src/rp2_common/pico_stdio/stdio.c.o
 .text.stdio_out_chars_crlf
                0x000000001000328c       0xac CMakeFiles/main.dir/pico-sdk/src/rp2_common/pico_stdio/stdio.c.o
 .text.stdio_buffered_printer
                0x0000000010003338       0x60 CMakeFiles/main.dir/pico-sdk/src/rp2_common/pico_stdio/stdio.c.o
 .text.stdio_put_string
                0x0000000010003398       0xe8 CMakeFiles/main.dir/pico-sdk/src/rp2_common/pico_stdio/stdio.c.o
                0x0000000010003398                stdio_put_string
 .text.stdio_set_driver_enabled
                0x0000000010003480       0x28 CMakeFiles/main.dir/pico-sdk/src/rp2_common/pico_stdio/stdio.c.o
                0x0000000010003480                stdio_set_driver_enabled
 .text.stdio_init_all
                0x00000000100034a8        0x4 CMakeFiles/main.dir/pico-sdk/src/rp2_common/pico_stdio/stdio.c.o
                0x00000000100034a8                stdio_init_all
 .text.__wrap_putchar
                0x00000000100034ac       0x7c CMakeFiles/main.dir/pico-sdk/src/rp2_common/pico_stdio/stdio.c.o
                0x00000000100034ac                stdio_putchar
                0x00000000100034ac                __wrap_putchar
 .text.__wrap_puts
                0x0000000010003528       0x3c CMakeFiles/main.dir/pico-sdk/src/rp2_common/pico_stdio/stdio.c.o
                0x0000000010003528                __wrap_puts
                0x0000000010003528                stdio_puts
 .text.__wrap_vprintf
                0x0000000010003564       0xc0 CMakeFiles/main.dir/pico-sdk/src/rp2_common/pico_stdio/stdio.c.o
                0x0000000010003564                __wrap_vprintf
                0x0000000010003564                stdio_vprintf
 .text.__wrap_printf
                0x0000000010003624       0x1c CMakeFiles/main.dir/pico-sdk/src/rp2_common/pico_stdio/stdio.c.o
                0x0000000010003624                stdio_printf
                0x0000000010003624                __wrap_printf
 .text.resetd_init
                0x0000000010003640        0x4 CMakeFiles/main.dir/pico-sdk/src/rp2_common/pico_stdio_usb/reset_interface.c.o
 .text.resetd_reset
                0x0000000010003644        0xc CMakeFiles/main.dir/pico-sdk/src/rp2_common/pico_stdio_usb/reset_interface.c.o
 .text.resetd_open
                0x0000000010003650       0x28 CMakeFiles/main.dir/pico-sdk/src/rp2_common/pico_stdio_usb/reset_interface.c.o
 .text.resetd_xfer_cb
                0x0000000010003678        0x4 CMakeFiles/main.dir/pico-sdk/src/rp2_common/pico_stdio_usb/reset_interface.c.o
 .text.resetd_control_xfer_cb
                0x000000001000367c       0x54 CMakeFiles/main.dir/pico-sdk/src/rp2_common/pico_stdio_usb/reset_interface.c.o
 .text.tud_descriptor_bos_cb
                0x00000000100036d0        0x8 CMakeFiles/main.dir/pico-sdk/src/rp2_common/pico_stdio_usb/reset_interface.c.o
                0x00000000100036d0                tud_descriptor_bos_cb
 .text.tud_vendor_control_xfer_cb
                0x00000000100036d8       0x28 CMakeFiles/main.dir/pico-sdk/src/rp2_common/pico_stdio_usb/reset_interface.c.o
                0x00000000100036d8                tud_vendor_control_xfer_cb
 .text.usbd_app_driver_get_cb
                0x0000000010003700       0x10 CMakeFiles/main.dir/pico-sdk/src/rp2_common/pico_stdio_usb/reset_interface.c.o
                0x0000000010003700                usbd_app_driver_get_cb
 .text.tud_cdc_line_coding_cb
                0x0000000010003710       0x18 CMakeFiles/main.dir/pico-sdk/src/rp2_common/pico_stdio_usb/reset_interface.c.o
                0x0000000010003710                tud_cdc_line_coding_cb
 .text.stdio_usb_set_chars_available_callback
                0x0000000010003728       0x14 CMakeFiles/main.dir/pico-sdk/src/rp2_common/pico_stdio_usb/stdio_usb.c.o
                0x0000000010003728                stdio_usb_set_chars_available_callback
 .text.timer_task
                0x000000001000373c       0x70 CMakeFiles/main.dir/pico-sdk/src/rp2_common/pico_stdio_usb/stdio_usb.c.o
 .text.usb_irq  0x00000000100037ac        0xc CMakeFiles/main.dir/pico-sdk/src/rp2_common/pico_stdio_usb/stdio_usb.c.o
 .text.stdio_usb_in_chars
                0x00000000100037b8       0x84 CMakeFiles/main.dir/pico-sdk/src/rp2_common/pico_stdio_usb/stdio_usb.c.o
                0x00000000100037b8                stdio_usb_in_chars
 .text.stdio_usb_out_flush
                0x000000001000383c       0x4c CMakeFiles/main.dir/pico-sdk/src/rp2_common/pico_stdio_usb/stdio_usb.c.o
 .text.stdio_usb_out_chars
                0x0000000010003888       0xf0 CMakeFiles/main.dir/pico-sdk/src/rp2_common/pico_stdio_usb/stdio_usb.c.o
 .text.low_priority_worker_irq
                0x0000000010003978       0xc8 CMakeFiles/main.dir/pico-sdk/src/rp2_common/pico_stdio_usb/stdio_usb.c.o
 .text.stdio_usb_init
                0x0000000010003a40       0xd8 CMakeFiles/main.dir/pico-sdk/src/rp2_common/pico_stdio_usb/stdio_usb.c.o
                0x0000000010003a40                stdio_usb_init
 .text.tud_descriptor_device_cb
                0x0000000010003b18        0x8 CMakeFiles/main.dir/pico-sdk/src/rp2_common/pico_stdio_usb/stdio_usb_descriptors.c.o
                0x0000000010003b18                tud_descriptor_device_cb
 .text.tud_descriptor_configuration_cb
                0x0000000010003b20        0x8 CMakeFiles/main.dir/pico-sdk/src/rp2_common/pico_stdio_usb/stdio_usb_descriptors.c.o
                0x0000000010003b20                tud_descriptor_configuration_cb
 .text.tud_descriptor_string_cb
                0x0000000010003b28       0x78 CMakeFiles/main.dir/pico-sdk/src/rp2_common/pico_stdio_usb/stdio_usb_descriptors.c.o
                0x0000000010003b28                tud_descriptor_string_cb
 .text.startup._retrieve_unique_id_on_boot
                0x0000000010003ba0       0x30 CMakeFiles/main.dir/pico-sdk/src/rp2_common/pico_unique_id/unique_id.c.o
 .text.pico_get_unique_board_id_string
                0x0000000010003bd0      0x180 CMakeFiles/main.dir/pico-sdk/src/rp2_common/pico_unique_id/unique_id.c.o
                0x0000000010003bd0                pico_get_unique_board_id_string
 .text.dcd_init
                0x0000000010003d50       0x94 CMakeFiles/main.dir/pico-sdk/lib/tinyusb/src/portable/raspberrypi/rp2040/dcd_rp2040.c.o
                0x0000000010003d50                dcd_init
 .text.dcd_int_enable
                0x0000000010003de4        0x8 CMakeFiles/main.dir/pico-sdk/lib/tinyusb/src/portable/raspberrypi/rp2040/dcd_rp2040.c.o
                0x0000000010003de4                dcd_int_enable
 .text.dcd_set_address
                0x0000000010003dec       0x10 CMakeFiles/main.dir/pico-sdk/lib/tinyusb/src/portable/raspberrypi/rp2040/dcd_rp2040.c.o
                0x0000000010003dec                dcd_set_address
 .text.dcd_sof_enable
                0x0000000010003dfc       0x1c CMakeFiles/main.dir/pico-sdk/lib/tinyusb/src/portable/raspberrypi/rp2040/dcd_rp2040.c.o
                0x0000000010003dfc                dcd_sof_enable
 .text.dcd_edpt0_status_complete
                0x0000000010003e18       0x1c CMakeFiles/main.dir/pico-sdk/lib/tinyusb/src/portable/raspberrypi/rp2040/dcd_rp2040.c.o
                0x0000000010003e18                dcd_edpt0_status_complete
 .text.dcd_edpt_open
                0x0000000010003e34       0xfc CMakeFiles/main.dir/pico-sdk/lib/tinyusb/src/portable/raspberrypi/rp2040/dcd_rp2040.c.o
                0x0000000010003e34                dcd_edpt_open
 .text.dcd_edpt_close_all
                0x0000000010003f30        0x4 CMakeFiles/main.dir/pico-sdk/lib/tinyusb/src/portable/raspberrypi/rp2040/dcd_rp2040.c.o
                0x0000000010003f30                dcd_edpt_close_all
 .text.dcd_edpt_xfer
                0x0000000010003f34       0x28 CMakeFiles/main.dir/pico-sdk/lib/tinyusb/src/portable/raspberrypi/rp2040/dcd_rp2040.c.o
                0x0000000010003f34                dcd_edpt_xfer
 .text.dcd_edpt_stall
                0x0000000010003f5c       0x30 CMakeFiles/main.dir/pico-sdk/lib/tinyusb/src/portable/raspberrypi/rp2040/dcd_rp2040.c.o
                0x0000000010003f5c                dcd_edpt_stall
 .text.dcd_edpt_clear_stall
                0x0000000010003f8c       0x2c CMakeFiles/main.dir/pico-sdk/lib/tinyusb/src/portable/raspberrypi/rp2040/dcd_rp2040.c.o
                0x0000000010003f8c                dcd_edpt_clear_stall
 .text.rp2040_usb_init
                0x0000000010003fb8       0x40 CMakeFiles/main.dir/pico-sdk/lib/tinyusb/src/portable/raspberrypi/rp2040/rp2040_usb.c.o
                0x0000000010003fb8                rp2040_usb_init
 .text.hw_endpoint_xfer_start
                0x0000000010003ff8       0x4c CMakeFiles/main.dir/pico-sdk/lib/tinyusb/src/portable/raspberrypi/rp2040/rp2040_usb.c.o
                0x0000000010003ff8                hw_endpoint_xfer_start
 .text.configuration_reset
                0x0000000010004044       0x8c CMakeFiles/main.dir/pico-sdk/lib/tinyusb/src/device/usbd.c.o
 .text.tud_event_hook_cb
                0x00000000100040d0        0x4 CMakeFiles/main.dir/pico-sdk/lib/tinyusb/src/device/usbd.c.o
                0x00000000100040d0                tud_event_hook_cb
 .text.tud_sof_cb
                0x00000000100040d4        0x4 CMakeFiles/main.dir/pico-sdk/lib/tinyusb/src/device/usbd.c.o
                0x00000000100040d4                tud_sof_cb
 .text.tud_descriptor_device_qualifier_cb
                0x00000000100040d8        0x4 CMakeFiles/main.dir/pico-sdk/lib/tinyusb/src/device/usbd.c.o
                0x00000000100040d8                tud_descriptor_device_qualifier_cb
 .text.tud_descriptor_other_speed_configuration_cb
                0x00000000100040dc        0x4 CMakeFiles/main.dir/pico-sdk/lib/tinyusb/src/device/usbd.c.o
                0x00000000100040dc                tud_descriptor_other_speed_configuration_cb
 .text.tud_mount_cb
                0x00000000100040e0        0x4 CMakeFiles/main.dir/pico-sdk/lib/tinyusb/src/device/usbd.c.o
                0x00000000100040e0                tud_mount_cb
 .text.tud_umount_cb
                0x00000000100040e4        0x4 CMakeFiles/main.dir/pico-sdk/lib/tinyusb/src/device/usbd.c.o
                0x00000000100040e4                tud_umount_cb
 .text.tud_suspend_cb
                0x00000000100040e8        0x4 CMakeFiles/main.dir/pico-sdk/lib/tinyusb/src/device/usbd.c.o
                0x00000000100040e8                tud_suspend_cb
 .text.tud_resume_cb
                0x00000000100040ec        0x4 CMakeFiles/main.dir/pico-sdk/lib/tinyusb/src/device/usbd.c.o
                0x00000000100040ec                tud_resume_cb
 .text.tud_mounted
                0x00000000100040f0       0x10 CMakeFiles/main.dir/pico-sdk/lib/tinyusb/src/device/usbd.c.o
                0x00000000100040f0                tud_mounted
 .text.tud_suspended
                0x0000000010004100       0x10 CMakeFiles/main.dir/pico-sdk/lib/tinyusb/src/device/usbd.c.o
                0x0000000010004100                tud_suspended
 .text.tud_init
                0x0000000010004110       0xe8 CMakeFiles/main.dir/pico-sdk/lib/tinyusb/src/device/usbd.c.o
                0x0000000010004110                tud_init
 .text.tud_task_ext
                0x00000000100041f8      0x7a4 CMakeFiles/main.dir/pico-sdk/lib/tinyusb/src/device/usbd.c.o
                0x00000000100041f8                tud_task_ext
 .text.usbd_open_edpt_pair
                0x000000001000499c       0x9c CMakeFiles/main.dir/pico-sdk/lib/tinyusb/src/device/usbd.c.o
                0x000000001000499c                usbd_open_edpt_pair
 .text.usbd_edpt_open
                0x0000000010004a38       0x44 CMakeFiles/main.dir/pico-sdk/lib/tinyusb/src/device/usbd.c.o
                0x0000000010004a38                usbd_edpt_open
 .text.usbd_edpt_claim
                0x0000000010004a7c       0x24 CMakeFiles/main.dir/pico-sdk/lib/tinyusb/src/device/usbd.c.o
                0x0000000010004a7c                usbd_edpt_claim
 .text.usbd_edpt_release
                0x0000000010004aa0       0x24 CMakeFiles/main.dir/pico-sdk/lib/tinyusb/src/device/usbd.c.o
                0x0000000010004aa0                usbd_edpt_release
 .text.usbd_edpt_xfer
                0x0000000010004ac4       0x70 CMakeFiles/main.dir/pico-sdk/lib/tinyusb/src/device/usbd.c.o
                0x0000000010004ac4                usbd_edpt_xfer
 .text.tud_control_status
                0x0000000010004b34       0x34 CMakeFiles/main.dir/pico-sdk/lib/tinyusb/src/device/usbd_control.c.o
                0x0000000010004b34                tud_control_status
 .text.tud_control_xfer
                0x0000000010004b68       0xcc CMakeFiles/main.dir/pico-sdk/lib/tinyusb/src/device/usbd_control.c.o
                0x0000000010004b68                tud_control_xfer
 .text.usbd_control_reset
                0x0000000010004c34       0x14 CMakeFiles/main.dir/pico-sdk/lib/tinyusb/src/device/usbd_control.c.o
                0x0000000010004c34                usbd_control_reset
 .text.usbd_control_set_complete_callback
                0x0000000010004c48        0xc CMakeFiles/main.dir/pico-sdk/lib/tinyusb/src/device/usbd_control.c.o
                0x0000000010004c48                usbd_control_set_complete_callback
 .text.usbd_control_set_request
                0x0000000010004c54       0x1c CMakeFiles/main.dir/pico-sdk/lib/tinyusb/src/device/usbd_control.c.o
                0x0000000010004c54                usbd_control_set_request
 .text.usbd_control_xfer_cb
                0x0000000010004c70      0x110 CMakeFiles/main.dir/pico-sdk/lib/tinyusb/src/device/usbd_control.c.o
                0x0000000010004c70                usbd_control_xfer_cb
 .text._prep_out_transaction.isra.0
                0x0000000010004d80       0x60 CMakeFiles/main.dir/pico-sdk/lib/tinyusb/src/class/cdc/cdc_device.c.o
 .text.tud_cdc_n_connected
                0x0000000010004de0       0x2c CMakeFiles/main.dir/pico-sdk/lib/tinyusb/src/class/cdc/cdc_device.c.o
                0x0000000010004de0                tud_cdc_n_connected
 .text.tud_cdc_n_available
                0x0000000010004e0c       0x18 CMakeFiles/main.dir/pico-sdk/lib/tinyusb/src/class/cdc/cdc_device.c.o
                0x0000000010004e0c                tud_cdc_n_available
 .text.tud_cdc_n_read
                0x0000000010004e24       0x94 CMakeFiles/main.dir/pico-sdk/lib/tinyusb/src/class/cdc/cdc_device.c.o
                0x0000000010004e24                tud_cdc_n_read
 .text.tud_cdc_n_write_flush
                0x0000000010004eb8       0x88 CMakeFiles/main.dir/pico-sdk/lib/tinyusb/src/class/cdc/cdc_device.c.o
                0x0000000010004eb8                tud_cdc_n_write_flush
 .text.tud_cdc_n_write
                0x0000000010004f40       0x48 CMakeFiles/main.dir/pico-sdk/lib/tinyusb/src/class/cdc/cdc_device.c.o
                0x0000000010004f40                tud_cdc_n_write
 .text.tud_cdc_n_write_available
                0x0000000010004f88       0x18 CMakeFiles/main.dir/pico-sdk/lib/tinyusb/src/class/cdc/cdc_device.c.o
                0x0000000010004f88                tud_cdc_n_write_available
 .text.cdcd_init
                0x0000000010004fa0       0x78 CMakeFiles/main.dir/pico-sdk/lib/tinyusb/src/class/cdc/cdc_device.c.o
                0x0000000010004fa0                cdcd_init
 .text.cdcd_deinit
                0x0000000010005018       0x20 CMakeFiles/main.dir/pico-sdk/lib/tinyusb/src/class/cdc/cdc_device.c.o
                0x0000000010005018                cdcd_deinit
 .text.cdcd_reset
                0x0000000010005038       0x4c CMakeFiles/main.dir/pico-sdk/lib/tinyusb/src/class/cdc/cdc_device.c.o
                0x0000000010005038                cdcd_reset
 .text.cdcd_open
                0x0000000010005084       0xbc CMakeFiles/main.dir/pico-sdk/lib/tinyusb/src/class/cdc/cdc_device.c.o
                0x0000000010005084                cdcd_open
 .text.cdcd_control_xfer_cb
                0x0000000010005140       0xcc CMakeFiles/main.dir/pico-sdk/lib/tinyusb/src/class/cdc/cdc_device.c.o
                0x0000000010005140                cdcd_control_xfer_cb
 .text.cdcd_xfer_cb
                0x000000001000520c       0xfc CMakeFiles/main.dir/pico-sdk/lib/tinyusb/src/class/cdc/cdc_device.c.o
                0x000000001000520c                cdcd_xfer_cb
 .text.vendord_init
                0x0000000010005308       0x5c CMakeFiles/main.dir/pico-sdk/lib/tinyusb/src/class/vendor/vendor_device.c.o
                0x0000000010005308                vendord_init
 .text.vendord_deinit
                0x0000000010005364       0x1c CMakeFiles/main.dir/pico-sdk/lib/tinyusb/src/class/vendor/vendor_device.c.o
                0x0000000010005364                vendord_deinit
 .text.vendord_reset
                0x0000000010005380       0x20 CMakeFiles/main.dir/pico-sdk/lib/tinyusb/src/class/vendor/vendor_device.c.o
                0x0000000010005380                vendord_reset
 .text.vendord_open
                0x00000000100053a0      0x104 CMakeFiles/main.dir/pico-sdk/lib/tinyusb/src/class/vendor/vendor_device.c.o
                0x00000000100053a0                vendord_open
 .text.vendord_xfer_cb
                0x00000000100054a4       0x8c CMakeFiles/main.dir/pico-sdk/lib/tinyusb/src/class/vendor/vendor_device.c.o
                0x00000000100054a4                vendord_xfer_cb
 .text.tusb_init
                0x0000000010005530       0x1c CMakeFiles/main.dir/pico-sdk/lib/tinyusb/src/tusb.c.o
                0x0000000010005530                tusb_init
 .text.tu_edpt_claim
                0x000000001000554c       0x54 CMakeFiles/main.dir/pico-sdk/lib/tinyusb/src/tusb.c.o
                0x000000001000554c                tu_edpt_claim
 .text.tu_edpt_release
                0x00000000100055a0       0x38 CMakeFiles/main.dir/pico-sdk/lib/tinyusb/src/tusb.c.o
                0x00000000100055a0                tu_edpt_release
 .text.tu_edpt_validate
                0x00000000100055d8       0x68 CMakeFiles/main.dir/pico-sdk/lib/tinyusb/src/tusb.c.o
                0x00000000100055d8                tu_edpt_validate
 .text.tu_edpt_bind_driver
                0x0000000010005640       0x58 CMakeFiles/main.dir/pico-sdk/lib/tinyusb/src/tusb.c.o
                0x0000000010005640                tu_edpt_bind_driver
 .text.tu_edpt_stream_init
                0x0000000010005698       0x58 CMakeFiles/main.dir/pico-sdk/lib/tinyusb/src/tusb.c.o
                0x0000000010005698                tu_edpt_stream_init
 .text.tu_edpt_stream_deinit
                0x00000000100056f0        0x4 CMakeFiles/main.dir/pico-sdk/lib/tinyusb/src/tusb.c.o
                0x00000000100056f0                tu_edpt_stream_deinit
 .text.tu_edpt_stream_write_zlp_if_needed
                0x00000000100056f4       0x68 CMakeFiles/main.dir/pico-sdk/lib/tinyusb/src/tusb.c.o
                0x00000000100056f4                tu_edpt_stream_write_zlp_if_needed
 .text.tu_edpt_stream_write_xfer
                0x000000001000575c       0x74 CMakeFiles/main.dir/pico-sdk/lib/tinyusb/src/tusb.c.o
                0x000000001000575c                tu_edpt_stream_write_xfer
 .text.tu_edpt_stream_read_xfer
                0x00000000100057d0       0xd4 CMakeFiles/main.dir/pico-sdk/lib/tinyusb/src/tusb.c.o
                0x00000000100057d0                tu_edpt_stream_read_xfer
 .text.tu_fifo_config
                0x00000000100058a4       0x64 CMakeFiles/main.dir/pico-sdk/lib/tinyusb/src/common/tusb_fifo.c.o
                0x00000000100058a4                tu_fifo_config
 .text.tu_fifo_count
                0x0000000010005908       0x20 CMakeFiles/main.dir/pico-sdk/lib/tinyusb/src/common/tusb_fifo.c.o
                0x0000000010005908                tu_fifo_count
 .text.tu_fifo_empty
                0x0000000010005928       0x14 CMakeFiles/main.dir/pico-sdk/lib/tinyusb/src/common/tusb_fifo.c.o
                0x0000000010005928                tu_fifo_empty
 .text.tu_fifo_remaining
                0x000000001000593c       0x24 CMakeFiles/main.dir/pico-sdk/lib/tinyusb/src/common/tusb_fifo.c.o
                0x000000001000593c                tu_fifo_remaining
 .text.tu_fifo_read
                0x0000000010005960       0x94 CMakeFiles/main.dir/pico-sdk/lib/tinyusb/src/common/tusb_fifo.c.o
                0x0000000010005960                tu_fifo_read
 .text.tu_fifo_read_n
                0x00000000100059f4       0xd4 CMakeFiles/main.dir/pico-sdk/lib/tinyusb/src/common/tusb_fifo.c.o
                0x00000000100059f4                tu_fifo_read_n
 .text.tu_fifo_write
                0x0000000010005ac8       0x84 CMakeFiles/main.dir/pico-sdk/lib/tinyusb/src/common/tusb_fifo.c.o
                0x0000000010005ac8                tu_fifo_write
 .text.tu_fifo_write_n
                0x0000000010005b4c      0x15c CMakeFiles/main.dir/pico-sdk/lib/tinyusb/src/common/tusb_fifo.c.o
                0x0000000010005b4c                tu_fifo_write_n
 .text.tu_fifo_clear
                0x0000000010005ca8       0x38 CMakeFiles/main.dir/pico-sdk/lib/tinyusb/src/common/tusb_fifo.c.o
                0x0000000010005ca8                tu_fifo_clear
 .text.tu_fifo_set_overwritable
                0x0000000010005ce0       0x3c CMakeFiles/main.dir/pico-sdk/lib/tinyusb/src/common/tusb_fifo.c.o
                0x0000000010005ce0                tu_fifo_set_overwritable
 .text          0x0000000010005d1c     0x17bc lib/Z-Ant/zig-out/lib/libstatic_lib.a(/home/marco/TheTinyBook/.zig-cache/o/20704ac8b4da9e2a7c9566b01f4d3fef/libstatic_lib.a.o)
                0x0000000010005d1c                setLogFunction
                0x0000000010006a9c                predict
 .text          0x00000000100074d8        0x8 /usr/lib/gcc/arm-none-eabi/10.3.1/../../../arm-none-eabi/lib/thumb/v8-m.main+fp/softfp/libg.a(lib_a-aeabi_memclr.o)
                0x00000000100074d8                __aeabi_memclr8
                0x00000000100074d8                __aeabi_memclr
                0x00000000100074d8                __aeabi_memclr4
 .text          0x00000000100074e0        0x4 /usr/lib/gcc/arm-none-eabi/10.3.1/../../../arm-none-eabi/lib/thumb/v8-m.main+fp/softfp/libg.a(lib_a-aeabi_memcpy.o)
                0x00000000100074e0                __aeabi_memcpy
                0x00000000100074e0                __aeabi_memcpy4
                0x00000000100074e0                __aeabi_memcpy8
 .text          0x00000000100074e4       0x9a /usr/lib/gcc/arm-none-eabi/10.3.1/../../../arm-none-eabi/lib/thumb/v8-m.main+fp/softfp/libg.a(lib_a-aeabi_memset-soft.o)
                0x00000000100074e4                __aeabi_memset
                0x00000000100074e4                __aeabi_memset8
                0x00000000100074e4                __aeabi_memset4
 *fill*         0x000000001000757e        0x2 
 .text          0x0000000010007580       0x20 /usr/lib/gcc/arm-none-eabi/10.3.1/../../../arm-none-eabi/lib/thumb/v8-m.main+fp/softfp/libg.a(lib_a-malloc.o)
                0x0000000010007580                malloc
                0x0000000010007590                free
 .text          0x00000000100075a0      0x56c /usr/lib/gcc/arm-none-eabi/10.3.1/../../../arm-none-eabi/lib/thumb/v8-m.main+fp/softfp/libg.a(lib_a-mallocr.o)
                0x00000000100075a0                _malloc_r
 .text          0x0000000010007b0c       0xec /usr/lib/gcc/arm-none-eabi/10.3.1/../../../arm-none-eabi/lib/thumb/v8-m.main+fp/softfp/libg.a(lib_a-memcpy.o)
                0x0000000010007b0c                memcpy
 .text          0x0000000010007bf8       0xa4 /usr/lib/gcc/arm-none-eabi/10.3.1/../../../arm-none-eabi/lib/thumb/v8-m.main+fp/softfp/libg.a(lib_a-memset.o)
                0x0000000010007bf8                memset
 .text          0x0000000010007c9c        0x8 /usr/lib/gcc/arm-none-eabi/10.3.1/../../../arm-none-eabi/lib/thumb/v8-m.main+fp/softfp/libg.a(lib_a-mlock.o)
                0x0000000010007c9c                __malloc_lock
                0x0000000010007ca0                __malloc_unlock
 .text          0x0000000010007ca4       0x24 /usr/lib/gcc/arm-none-eabi/10.3.1/../../../arm-none-eabi/lib/thumb/v8-m.main+fp/softfp/libg.a(lib_a-sbrkr.o)
                0x0000000010007ca4                _sbrk_r
 .text          0x0000000010007cc8       0x5c /usr/lib/gcc/arm-none-eabi/10.3.1/../../../arm-none-eabi/lib/thumb/v8-m.main+fp/softfp/libg.a(lib_a-strlen-stub.o)
                0x0000000010007cc8                strlen
 .text          0x0000000010007d24      0x2ac /usr/lib/gcc/arm-none-eabi/10.3.1/../../../arm-none-eabi/lib/thumb/v8-m.main+fp/softfp/libg.a(lib_a-freer.o)
                0x0000000010007d24                _malloc_trim_r
                0x0000000010007dc4                _free_r
 *(.fini)
 .fini          0x0000000010007fd0        0x4 /usr/lib/gcc/arm-none-eabi/10.3.1/thumb/v8-m.main+fp/softfp/crti.o
                0x0000000010007fd0                _fini
 *fill*         0x0000000010007fd4        0x4 
 .fini.__stub   0x0000000010007fd8       0xa0 linker stubs
 *crtbegin.o(.ctors)
 *crtbegin?.o(.ctors)
 *(EXCLUDE_FILE(*crtend.o *crtend?.o) .ctors)
 *(SORT_BY_NAME(.ctors.*))
 *(.ctors)
 *crtbegin.o(.dtors)
 *crtbegin?.o(.dtors)
 *(EXCLUDE_FILE(*crtend.o *crtend?.o) .dtors)
 *(SORT_BY_NAME(.dtors.*))
 *(.dtors)
                0x0000000010008078                . = ALIGN (0x4)
                0x0000000010008078                PROVIDE (__preinit_array_start = .)
 *(SORT_BY_NAME(.preinit_array.*))
 .preinit_array.00050
                0x0000000010008078        0x4 CMakeFiles/main.dir/pico-sdk/src/rp2_common/pico_runtime_init/runtime_init.c.o
                0x0000000010008078                __pre_init_runtime_init_bootrom_reset
 .preinit_array.00100
                0x000000001000807c        0x4 CMakeFiles/main.dir/pico-sdk/src/rp2_common/pico_runtime_init/runtime_init.c.o
                0x000000001000807c                __pre_init_runtime_init_early_resets
 .preinit_array.00101
                0x0000000010008080        0x4 CMakeFiles/main.dir/pico-sdk/src/rp2_common/pico_runtime_init/runtime_init.c.o
                0x0000000010008080                __pre_init_runtime_init_usb_power_down
 .preinit_array.00500
                0x0000000010008084        0x4 CMakeFiles/main.dir/pico-sdk/src/rp2_common/pico_runtime_init/runtime_init.c.o
                0x0000000010008084                __pre_init_runtime_init_clocks
 .preinit_array.00600
                0x0000000010008088        0x4 CMakeFiles/main.dir/pico-sdk/src/rp2_common/pico_runtime_init/runtime_init.c.o
                0x0000000010008088                __pre_init_runtime_init_post_clock_resets
 .preinit_array.01000
                0x000000001000808c        0x4 CMakeFiles/main.dir/pico-sdk/src/rp2_common/hardware_boot_lock/boot_lock.c.o
                0x000000001000808c                __pre_init_runtime_init_boot_locks_reset
 .preinit_array.01000
                0x0000000010008090        0x4 CMakeFiles/main.dir/pico-sdk/src/rp2_common/pico_runtime_init/runtime_init.c.o
                0x0000000010008090                __pre_init_runtime_init_spin_locks_reset
 .preinit_array.01010
                0x0000000010008094        0x4 CMakeFiles/main.dir/pico-sdk/src/rp2_common/pico_bootrom/bootrom_lock.c.o
                0x0000000010008094                __pre_init_runtime_init_bootrom_locking_enable
 .preinit_array.01100
                0x0000000010008098        0x4 CMakeFiles/main.dir/pico-sdk/src/common/pico_sync/mutex.c.o
                0x0000000010008098                __pre_init_runtime_init_mutex
 .preinit_array.10080
                0x000000001000809c        0x4 CMakeFiles/main.dir/pico-sdk/src/rp2_common/pico_runtime_init/runtime_init.c.o
                0x000000001000809c                __pre_init_runtime_init_install_ram_vector_table
 .preinit_array.11000
                0x00000000100080a0        0x4 CMakeFiles/main.dir/pico-sdk/src/common/pico_time/time.c.o
                0x00000000100080a0                __pre_init_runtime_init_default_alarm_pool
 .preinit_array.YYYYY
                0x00000000100080a4        0x4 CMakeFiles/main.dir/pico-sdk/src/rp2_common/pico_runtime/runtime.c.o
                0x00000000100080a4                __pre_init_first_per_core_initializer
 .preinit_array.ZZZZZ.00051
                0x00000000100080a8        0x4 CMakeFiles/main.dir/pico-sdk/src/rp2_common/pico_runtime_init/runtime_init.c.o
                0x00000000100080a8                __pre_init_runtime_init_per_core_bootrom_reset
 .preinit_array.ZZZZZ.00200
                0x00000000100080ac        0x4 CMakeFiles/main.dir/pico-sdk/src/rp2_common/pico_runtime_init/runtime_init.c.o
                0x00000000100080ac                __pre_init_runtime_init_per_core_enable_coprocessors
 .preinit_array.ZZZZZ.01000
                0x00000000100080b0        0x4 CMakeFiles/main.dir/pico-sdk/src/rp2_common/hardware_sync_spin_lock/sync_spin_lock.c.o
                0x00000000100080b0                __pre_init_spinlock_set_extexclall
 .preinit_array.ZZZZZ.01200
                0x00000000100080b4        0x4 CMakeFiles/main.dir/pico-sdk/src/rp2_common/hardware_irq/irq.c.o
                0x00000000100080b4                __pre_init_runtime_init_per_core_irq_priorities
 *(.preinit_array)
                0x00000000100080b8                PROVIDE (__preinit_array_end = .)
                0x00000000100080b8                . = ALIGN (0x4)
                0x00000000100080b8                PROVIDE (__init_array_start = .)
 *(SORT_BY_NAME(.init_array.*))
 *(.init_array)
 .init_array    0x00000000100080b8        0x4 /usr/lib/gcc/arm-none-eabi/10.3.1/thumb/v8-m.main+fp/softfp/crtbegin.o
 .init_array    0x00000000100080bc        0x4 CMakeFiles/main.dir/pico-sdk/src/rp2_common/pico_unique_id/unique_id.c.o
                0x00000000100080c0                PROVIDE (__init_array_end = .)
                0x00000000100080c0                . = ALIGN (0x4)
                0x00000000100080c0                PROVIDE (__fini_array_start = .)
 *(SORT_BY_NAME(.fini_array.*))
 *(.fini_array)
                0x00000000100080c0                PROVIDE (__fini_array_end = .)
 *(.eh_frame*)
 .eh_frame      0x00000000100080c0        0x0 /usr/lib/gcc/arm-none-eabi/10.3.1/thumb/v8-m.main+fp/softfp/crtbegin.o
                0x00000000100080c0                . = ALIGN (0x4)

.glue_7         0x00000000100080c0        0x0
 .glue_7        0x00000000100080c0        0x0 linker stubs

.glue_7t        0x00000000100080c0        0x0
 .glue_7t       0x00000000100080c0        0x0 linker stubs

.vfp11_veneer   0x00000000100080c0        0x0
 .vfp11_veneer  0x00000000100080c0        0x0 linker stubs

.v4_bx          0x00000000100080c0        0x0
 .v4_bx         0x00000000100080c0        0x0 linker stubs

.iplt           0x00000000100080c0        0x0
 .iplt          0x00000000100080c0        0x0 /usr/lib/gcc/arm-none-eabi/10.3.1/thumb/v8-m.main+fp/softfp/crtbegin.o

.boot2          0x00000000100080c0        0x0
                0x00000000100080c0                __boot2_start__ = .
 *(.boot2)
                0x00000000100080c0                __boot2_end__ = .
                0x0000000000000001                ASSERT (((__boot2_end__ - __boot2_start__) <= 0x100), ERROR: Pico second stage bootloader must be no more than 256 bytes in size)

.rodata         0x00000000100080c0    0x1fc6c
 *(EXCLUDE_FILE(*libm.a: *libc.a:*lib_a-mem*.o *libgcc.a:) .rodata*)
 .rodata.main.str1.4
                0x00000000100080c0      0x10c CMakeFiles/main.dir/src/main.c.o
 .rodata        0x00000000100081cc        0xc CMakeFiles/main.dir/src/main.c.o
 .rodata.panic.str1.4
                0x00000000100081d8       0x12 CMakeFiles/main.dir/pico-sdk/src/rp2_common/pico_platform_panic/panic.c.o
 *fill*         0x00000000100081ea        0x2 
 .rodata.spin_lock_claim_unused.str1.4
                0x00000000100081ec       0x1b CMakeFiles/main.dir/pico-sdk/src/rp2_common/hardware_sync/sync.c.o
 *fill*         0x0000000010008207        0x1 
 .rodata.user_irq_claim_unused.str1.4
                0x0000000010008208       0x1b CMakeFiles/main.dir/pico-sdk/src/rp2_common/hardware_irq/irq.c.o
 *fill*         0x0000000010008223        0x1 
 .rodata.timer_hardware_alarm_claim.str1.4
                0x0000000010008224       0x22 CMakeFiles/main.dir/pico-sdk/src/rp2_common/hardware_timer/timer.c.o
 *fill*         0x0000000010008246        0x2 
 .rodata.dma_claim_unused_channel.str1.4
                0x0000000010008248       0x1e CMakeFiles/main.dir/pico-sdk/src/rp2_common/hardware_dma/dma.c.o
 *fill*         0x0000000010008266        0x2 
 .rodata.hard_assertion_failure.str1.4
                0x0000000010008268        0xc CMakeFiles/main.dir/pico-sdk/src/rp2_common/pico_runtime/runtime.c.o
 .rodata.__wrap_malloc.str1.4
                0x0000000010008274        0xe CMakeFiles/main.dir/pico-sdk/src/rp2_common/pico_malloc/malloc.c.o
 *fill*         0x0000000010008282        0x2 
 .rodata.str1.4
                0x0000000010008284       0x3c CMakeFiles/main.dir/pico-sdk/src/rp2_common/pico_standard_binary_info/standard_binary_info.c.o
 .rodata.__bi_26
                0x00000000100082c0        0xc CMakeFiles/main.dir/pico-sdk/src/rp2_common/pico_standard_binary_info/standard_binary_info.c.o
 .rodata.__bi_34
                0x00000000100082cc        0xc CMakeFiles/main.dir/pico-sdk/src/rp2_common/pico_standard_binary_info/standard_binary_info.c.o
 .rodata.__bi_42
                0x00000000100082d8        0xc CMakeFiles/main.dir/pico-sdk/src/rp2_common/pico_standard_binary_info/standard_binary_info.c.o
 .rodata.__bi_48
                0x00000000100082e4        0xc CMakeFiles/main.dir/pico-sdk/src/rp2_common/pico_standard_binary_info/standard_binary_info.c.o
 .rodata.__bi_54
                0x00000000100082f0        0xc CMakeFiles/main.dir/pico-sdk/src/rp2_common/pico_standard_binary_info/standard_binary_info.c.o
 .rodata.__bi_78
                0x00000000100082fc        0xc CMakeFiles/main.dir/pico-sdk/src/rp2_common/pico_standard_binary_info/standard_binary_info.c.o
 .rodata.__bi_84
                0x0000000010008308        0xc CMakeFiles/main.dir/pico-sdk/src/rp2_common/pico_standard_binary_info/standard_binary_info.c.o
 .rodata._ftoa.str1.4
                0x0000000010008314       0x15 CMakeFiles/main.dir/pico-sdk/src/rp2_common/pico_printf/printf.c.o
 *fill*         0x0000000010008329        0x7 
 .rodata.pow10.0
                0x0000000010008330       0x50 CMakeFiles/main.dir/pico-sdk/src/rp2_common/pico_printf/printf.c.o
 .rodata.crlf_str.0
                0x0000000010008380        0x2 CMakeFiles/main.dir/pico-sdk/src/rp2_common/pico_stdio/stdio.c.o
 *fill*         0x0000000010008382        0x2 
 .rodata._resetd_driver
                0x0000000010008384       0x20 CMakeFiles/main.dir/pico-sdk/src/rp2_common/pico_stdio_usb/reset_interface.c.o
 .rodata.desc_bos
                0x00000000100083a4       0x21 CMakeFiles/main.dir/pico-sdk/src/rp2_common/pico_stdio_usb/reset_interface.c.o
                0x00000000100083a4                desc_bos
 *fill*         0x00000000100083c5        0x3 
 .rodata.desc_ms_os_20
                0x00000000100083c8       0xa6 CMakeFiles/main.dir/pico-sdk/src/rp2_common/pico_stdio_usb/reset_interface.c.o
 *fill*         0x000000001000846e        0x2 
 .rodata.str1.4
                0x0000000010008470       0x13 CMakeFiles/main.dir/pico-sdk/src/rp2_common/pico_stdio_usb/stdio_usb.c.o
 *fill*         0x0000000010008483        0x1 
 .rodata.__bi_197.0
                0x0000000010008484        0xc CMakeFiles/main.dir/pico-sdk/src/rp2_common/pico_stdio_usb/stdio_usb.c.o
 .rodata.str1.4
                0x0000000010008490       0x2a CMakeFiles/main.dir/pico-sdk/src/rp2_common/pico_stdio_usb/stdio_usb_descriptors.c.o
 *fill*         0x00000000100084ba        0x2 
 .rodata.usbd_desc_cfg
                0x00000000100084bc       0x54 CMakeFiles/main.dir/pico-sdk/src/rp2_common/pico_stdio_usb/stdio_usb_descriptors.c.o
 .rodata.usbd_desc_device
                0x0000000010008510       0x12 CMakeFiles/main.dir/pico-sdk/src/rp2_common/pico_stdio_usb/stdio_usb_descriptors.c.o
 *fill*         0x0000000010008522        0x2 
 .rodata.usbd_desc_str
                0x0000000010008524       0x18 CMakeFiles/main.dir/pico-sdk/src/rp2_common/pico_stdio_usb/stdio_usb_descriptors.c.o
 .rodata.str1.4
                0x000000001000853c       0x14 CMakeFiles/main.dir/pico-sdk/lib/tinyusb/src/portable/raspberrypi/rp2040/dcd_rp2040.c.o
 .rodata.str1.4
                0x0000000010008550       0x48 CMakeFiles/main.dir/pico-sdk/lib/tinyusb/src/portable/raspberrypi/rp2040/rp2040_usb.c.o
 .rodata._usbd_driver
                0x0000000010008598       0x40 CMakeFiles/main.dir/pico-sdk/lib/tinyusb/src/device/usbd.c.o
 .rodata        0x00000000100085d8    0x1f57c lib/Z-Ant/zig-out/lib/libstatic_lib.a(/home/marco/TheTinyBook/.zig-cache/o/20704ac8b4da9e2a7c9566b01f4d3fef/libstatic_lib.a.o)
 .rodata.str1.1
                0x0000000010027b54      0x155 lib/Z-Ant/zig-out/lib/libstatic_lib.a(/home/marco/TheTinyBook/.zig-cache/o/20704ac8b4da9e2a7c9566b01f4d3fef/libstatic_lib.a.o)
 *fill*         0x0000000010027ca9        0x7 
 .rodata.cst8   0x0000000010027cb0       0x10 lib/Z-Ant/zig-out/lib/libstatic_lib.a(/home/marco/TheTinyBook/.zig-cache/o/20704ac8b4da9e2a7c9566b01f4d3fef/libstatic_lib.a.o)
 .rodata.cst4   0x0000000010027cc0        0xc lib/Z-Ant/zig-out/lib/libstatic_lib.a(/home/marco/TheTinyBook/.zig-cache/o/20704ac8b4da9e2a7c9566b01f4d3fef/libstatic_lib.a.o)
 .rodata.cst32  0x0000000010027ccc       0x20 lib/Z-Ant/zig-out/lib/libstatic_lib.a(/home/marco/TheTinyBook/.zig-cache/o/20704ac8b4da9e2a7c9566b01f4d3fef/libstatic_lib.a.o)
 .rodata.cst16  0x0000000010027cec       0x40 lib/Z-Ant/zig-out/lib/libstatic_lib.a(/home/marco/TheTinyBook/.zig-cache/o/20704ac8b4da9e2a7c9566b01f4d3fef/libstatic_lib.a.o)
 *(.srodata*)
                0x0000000010027d2c                . = ALIGN (0x4)
 *(SORT_BY_ALIGNMENT(SORT_BY_NAME(.flashdata*)))
                0x0000000010027d2c                . = ALIGN (0x4)

.ARM.extab
 *(.ARM.extab* .gnu.linkonce.armextab.*)
                0x0000000010027d2c                __exidx_start = .

.ARM.exidx      0x0000000010027d2c        0x8
 *(.ARM.exidx* .gnu.linkonce.armexidx.*)
 .ARM.exidx     0x0000000010027d2c        0x8 lib/Z-Ant/zig-out/lib/libstatic_lib.a(/home/marco/TheTinyBook/.zig-cache/o/20704ac8b4da9e2a7c9566b01f4d3fef/libstatic_lib.a.o)
                                         0xd0 (size before relaxing)
 .ARM.exidx     0x0000000010027d34        0x0 /usr/lib/gcc/arm-none-eabi/10.3.1/thumb/v8-m.main+fp/softfp/libgcc.a(_udivmoddi4.o)
                                          0x8 (size before relaxing)
                0x0000000010027d34                __exidx_end = .
                0x0000000010027d34                . = ALIGN (0x4)
                0x0000000010027d34                __binary_info_start = .

.binary_info    0x0000000010027d34       0x20
 *(.binary_info.keep.*)
 .binary_info.keep.__bi_ptr26
                0x0000000010027d34        0x4 CMakeFiles/main.dir/pico-sdk/src/rp2_common/pico_standard_binary_info/standard_binary_info.c.o
 .binary_info.keep.__bi_ptr34
                0x0000000010027d38        0x4 CMakeFiles/main.dir/pico-sdk/src/rp2_common/pico_standard_binary_info/standard_binary_info.c.o
 .binary_info.keep.__bi_ptr42
                0x0000000010027d3c        0x4 CMakeFiles/main.dir/pico-sdk/src/rp2_common/pico_standard_binary_info/standard_binary_info.c.o
 .binary_info.keep.__bi_ptr48
                0x0000000010027d40        0x4 CMakeFiles/main.dir/pico-sdk/src/rp2_common/pico_standard_binary_info/standard_binary_info.c.o
 .binary_info.keep.__bi_ptr54
                0x0000000010027d44        0x4 CMakeFiles/main.dir/pico-sdk/src/rp2_common/pico_standard_binary_info/standard_binary_info.c.o
 .binary_info.keep.__bi_ptr78
                0x0000000010027d48        0x4 CMakeFiles/main.dir/pico-sdk/src/rp2_common/pico_standard_binary_info/standard_binary_info.c.o
 .binary_info.keep.__bi_ptr84
                0x0000000010027d4c        0x4 CMakeFiles/main.dir/pico-sdk/src/rp2_common/pico_standard_binary_info/standard_binary_info.c.o
 *(.binary_info.*)
 .binary_info.__bi_ptr197
                0x0000000010027d50        0x4 CMakeFiles/main.dir/pico-sdk/src/rp2_common/pico_stdio_usb/stdio_usb.c.o
                0x0000000010027d54                __binary_info_end = .
                0x0000000010027d54                . = ALIGN (0x4)

.ram_vector_table
                0x0000000020000000      0x110
 *(.ram_vector_table)
 .ram_vector_table
                0x0000000020000000      0x110 CMakeFiles/main.dir/pico-sdk/src/rp2_common/pico_runtime_init/runtime_init.c.o
                0x0000000020000000                ram_vector_table

.uninitialized_data
                0x0000000020000110        0x0
                0x0000000020000110                . = ALIGN (0x4)
 *(.uninitialized_data*)

.data           0x0000000020000110     0x2308 load address 0x0000000010027d54
                0x0000000020000110                __data_start__ = .
 *(vtable)
 *(.time_critical*)
 .time_critical.mutex_try_enter
                0x0000000020000110       0x54 CMakeFiles/main.dir/pico-sdk/src/common/pico_sync/mutex.c.o
                0x0000000020000110                mutex_try_enter
 .time_critical.mutex_enter_block_until
                0x0000000020000164       0x6c CMakeFiles/main.dir/pico-sdk/src/common/pico_sync/mutex.c.o
                0x0000000020000164                mutex_enter_block_until
 .time_critical.mutex_try_enter_block_until
                0x00000000200001d0       0x6c CMakeFiles/main.dir/pico-sdk/src/common/pico_sync/mutex.c.o
                0x00000000200001d0                mutex_try_enter_block_until
 .time_critical.mutex_enter_timeout_ms
                0x000000002000023c       0x2c CMakeFiles/main.dir/pico-sdk/src/common/pico_sync/mutex.c.o
                0x000000002000023c                mutex_enter_timeout_ms
 .time_critical.mutex_exit
                0x0000000020000268       0x3c CMakeFiles/main.dir/pico-sdk/src/common/pico_sync/mutex.c.o
                0x0000000020000268                mutex_exit
 .time_critical.reset_non_control_endpoints
                0x00000000200002a4       0x64 CMakeFiles/main.dir/pico-sdk/lib/tinyusb/src/portable/raspberrypi/rp2040/dcd_rp2040.c.o
 .time_critical.hw_handle_buff_status
                0x0000000020000308       0xa0 CMakeFiles/main.dir/pico-sdk/lib/tinyusb/src/portable/raspberrypi/rp2040/dcd_rp2040.c.o
 .time_critical.dcd_rp2040_irq
                0x00000000200003a8      0x508 CMakeFiles/main.dir/pico-sdk/lib/tinyusb/src/portable/raspberrypi/rp2040/dcd_rp2040.c.o
 .time_critical.prepare_ep_buffer
                0x00000000200008b0       0xc8 CMakeFiles/main.dir/pico-sdk/lib/tinyusb/src/portable/raspberrypi/rp2040/rp2040_usb.c.o
 .time_critical.sync_ep_buffer
                0x0000000020000978       0xb8 CMakeFiles/main.dir/pico-sdk/lib/tinyusb/src/portable/raspberrypi/rp2040/rp2040_usb.c.o
 .time_critical._hw_endpoint_xfer_sync
                0x0000000020000a30       0x2c CMakeFiles/main.dir/pico-sdk/lib/tinyusb/src/portable/raspberrypi/rp2040/rp2040_usb.c.o
 .time_critical.e15_is_bulkin_ep
                0x0000000020000a5c       0x28 CMakeFiles/main.dir/pico-sdk/lib/tinyusb/src/portable/raspberrypi/rp2040/rp2040_usb.c.o
 .time_critical.e15_is_critical_frame_period
                0x0000000020000a84       0x28 CMakeFiles/main.dir/pico-sdk/lib/tinyusb/src/portable/raspberrypi/rp2040/rp2040_usb.c.o
 .time_critical.hw_endpoint_reset_transfer
                0x0000000020000aac        0xc CMakeFiles/main.dir/pico-sdk/lib/tinyusb/src/portable/raspberrypi/rp2040/rp2040_usb.c.o
                0x0000000020000aac                hw_endpoint_reset_transfer
 .time_critical._hw_endpoint_buffer_control_update32
                0x0000000020000ab8       0x44 CMakeFiles/main.dir/pico-sdk/lib/tinyusb/src/portable/raspberrypi/rp2040/rp2040_usb.c.o
                0x0000000020000ab8                _hw_endpoint_buffer_control_update32
 .time_critical.hw_endpoint_start_next_buffer
                0x0000000020000afc       0x64 CMakeFiles/main.dir/pico-sdk/lib/tinyusb/src/portable/raspberrypi/rp2040/rp2040_usb.c.o
                0x0000000020000afc                hw_endpoint_start_next_buffer
 .time_critical.hw_endpoint_xfer_continue
                0x0000000020000b60       0x40 CMakeFiles/main.dir/pico-sdk/lib/tinyusb/src/portable/raspberrypi/rp2040/rp2040_usb.c.o
                0x0000000020000b60                hw_endpoint_xfer_continue
 .time_critical.tinyusb
                0x0000000020000ba0      0x218 CMakeFiles/main.dir/pico-sdk/lib/tinyusb/src/device/usbd.c.o
                0x0000000020000ba0                dcd_event_handler
 *(.text*)
 .text          0x0000000020000db8       0x3c /usr/lib/gcc/arm-none-eabi/10.3.1/../../../arm-none-eabi/lib/thumb/v8-m.main+fp/softfp/libm.a(lib_a-sf_fmax.o)
                0x0000000020000db8                fmaxf
 .text          0x0000000020000df4       0x34 /usr/lib/gcc/arm-none-eabi/10.3.1/../../../arm-none-eabi/lib/thumb/v8-m.main+fp/softfp/libm.a(lib_a-sf_fpclassify.o)
                0x0000000020000df4                __fpclassifyf
 .text          0x0000000020000e28      0x168 /usr/lib/gcc/arm-none-eabi/10.3.1/thumb/v8-m.main+fp/softfp/libgcc.a(_arm_mulsf3.o)
                0x0000000020000e28                __mulsf3
                0x0000000020000e28                __aeabi_fmul
 .text          0x0000000020000f90      0x378 /usr/lib/gcc/arm-none-eabi/10.3.1/thumb/v8-m.main+fp/softfp/libgcc.a(_arm_addsubdf3.o)
                0x0000000020000f90                __aeabi_drsub
                0x0000000020000f98                __aeabi_dsub
                0x0000000020000f98                __subdf3
                0x0000000020000f9c                __adddf3
                0x0000000020000f9c                __aeabi_dadd
                0x0000000020001214                __aeabi_ui2d
                0x0000000020001214                __floatunsidf
                0x0000000020001234                __floatsidf
                0x0000000020001234                __aeabi_i2d
                0x0000000020001258                __extendsfdf2
                0x0000000020001258                __aeabi_f2d
                0x000000002000129c                __aeabi_ul2d
                0x000000002000129c                __floatundidf
                0x00000000200012ac                __floatdidf
                0x00000000200012ac                __aeabi_l2d
 .text          0x0000000020001308      0x21c /usr/lib/gcc/arm-none-eabi/10.3.1/thumb/v8-m.main+fp/softfp/libgcc.a(_arm_addsubsf3.o)
                0x0000000020001308                __aeabi_frsub
                0x0000000020001310                __subsf3
                0x0000000020001310                __aeabi_fsub
                0x0000000020001314                __aeabi_fadd
                0x0000000020001314                __addsf3
                0x0000000020001474                __aeabi_ui2f
                0x0000000020001474                __floatunsisf
                0x000000002000147c                __aeabi_i2f
                0x000000002000147c                __floatsisf
                0x0000000020001498                __floatundisf
                0x0000000020001498                __aeabi_ul2f
                0x00000000200014a8                __floatdisf
                0x00000000200014a8                __aeabi_l2f
 .text          0x0000000020001524       0xec /usr/lib/gcc/arm-none-eabi/10.3.1/thumb/v8-m.main+fp/softfp/libgcc.a(_arm_cmpsf2.o)
                0x0000000020001524                __gtsf2
                0x0000000020001524                __gesf2
                0x000000002000152c                __lesf2
                0x000000002000152c                __ltsf2
                0x0000000020001534                __nesf2
                0x0000000020001534                __eqsf2
                0x0000000020001534                __cmpsf2
                0x0000000020001594                __aeabi_cfrcmple
                0x000000002000159c                __aeabi_cfcmple
                0x000000002000159c                __aeabi_cfcmpeq
                0x00000000200015ac                __aeabi_fcmpeq
                0x00000000200015c0                __aeabi_fcmplt
                0x00000000200015d4                __aeabi_fcmple
                0x00000000200015e8                __aeabi_fcmpge
                0x00000000200015fc                __aeabi_fcmpgt
 .text          0x0000000020001610       0x40 /usr/lib/gcc/arm-none-eabi/10.3.1/thumb/v8-m.main+fp/softfp/libgcc.a(_arm_fixunssfsi.o)
                0x0000000020001610                __aeabi_f2uiz
                0x0000000020001610                __fixunssfsi
 .text          0x0000000020001650       0x30 /usr/lib/gcc/arm-none-eabi/10.3.1/thumb/v8-m.main+fp/softfp/libgcc.a(_aeabi_uldivmod.o)
                0x0000000020001650                __aeabi_uldivmod
 .text          0x0000000020001680      0x2ec /usr/lib/gcc/arm-none-eabi/10.3.1/thumb/v8-m.main+fp/softfp/libgcc.a(_udivmoddi4.o)
                0x0000000020001680                __udivmoddi4
 .text          0x000000002000196c        0x4 /usr/lib/gcc/arm-none-eabi/10.3.1/thumb/v8-m.main+fp/softfp/libgcc.a(_dvmd_tls.o)
                0x000000002000196c                __aeabi_ldiv0
                0x000000002000196c                __aeabi_idiv0
 .text.__stub   0x0000000020001970       0x30 linker stubs
                0x00000000200019a0                . = ALIGN (0x4)
 *(.rodata*)
                0x00000000200019a0                . = ALIGN (0x4)
 *(.data*)
 .data.striped_spin_lock_num
                0x00000000200019a0        0x1 CMakeFiles/main.dir/pico-sdk/src/rp2_common/hardware_sync/sync.c.o
 *fill*         0x00000000200019a1        0x3 
 .data          0x00000000200019a4       0x48 CMakeFiles/main.dir/pico-sdk/src/rp2_common/hardware_irq/irq_handler_chain.S.o
                0x00000000200019a4                irq_handler_chain_slots
                0x00000000200019d4                irq_handler_chain_first_slot
                0x00000000200019de                irq_handler_chain_remove_tail
 .data.default_alarm_pool
                0x00000000200019ec       0x18 CMakeFiles/main.dir/pico-sdk/src/common/pico_time/time.c.o
 .data.stdio_usb
                0x0000000020001a04       0x18 CMakeFiles/main.dir/pico-sdk/src/rp2_common/pico_stdio_usb/stdio_usb.c.o
                0x0000000020001a04                stdio_usb
 .data._usbd_qdef
                0x0000000020001a1c       0x1c CMakeFiles/main.dir/pico-sdk/lib/tinyusb/src/device/usbd.c.o
                0x0000000020001a1c                _usbd_qdef
 .data._usbd_rhport
                0x0000000020001a38        0x1 CMakeFiles/main.dir/pico-sdk/lib/tinyusb/src/device/usbd.c.o
 *fill*         0x0000000020001a39        0x3 
 .data          0x0000000020001a3c      0x190 lib/Z-Ant/zig-out/lib/libstatic_lib.a(/home/marco/TheTinyBook/.zig-cache/o/20704ac8b4da9e2a7c9566b01f4d3fef/libstatic_lib.a.o)
 *fill*         0x0000000020001bcc        0x4 
 .data          0x0000000020001bd0      0x430 /usr/lib/gcc/arm-none-eabi/10.3.1/../../../arm-none-eabi/lib/thumb/v8-m.main+fp/softfp/libg.a(lib_a-impure.o)
                0x0000000020001bd0                _impure_ptr
 .data          0x0000000020002000      0x410 /usr/lib/gcc/arm-none-eabi/10.3.1/../../../arm-none-eabi/lib/thumb/v8-m.main+fp/softfp/libg.a(lib_a-mallocr.o)
                0x0000000020002000                __malloc_av_
                0x0000000020002408                __malloc_sbrk_base
                0x000000002000240c                __malloc_trim_threshold
 *(.sdata*)
                0x0000000020002410                . = ALIGN (0x4)
 *(.after_data.*)
                0x0000000020002410                . = ALIGN (0x4)
                0x0000000020002410                PROVIDE (__mutex_array_start = .)
 *(SORT_BY_NAME(.mutex_array.*))
 *(.mutex_array)
 .mutex_array   0x0000000020002410        0x8 CMakeFiles/main.dir/pico-sdk/src/rp2_common/pico_stdio/stdio.c.o
                0x0000000020002418                PROVIDE (__mutex_array_end = .)
 *(.jcr)
                0x0000000020002418                . = ALIGN (0x4)

.tm_clone_table
                0x0000000020002418        0x0 load address 0x000000001002a05c
 .tm_clone_table
                0x0000000020002418        0x0 /usr/lib/gcc/arm-none-eabi/10.3.1/thumb/v8-m.main+fp/softfp/crtbegin.o
 .tm_clone_table
                0x0000000020002418        0x0 /usr/lib/gcc/arm-none-eabi/10.3.1/thumb/v8-m.main+fp/softfp/crtend.o

.igot.plt       0x0000000020002418        0x0 load address 0x000000001002a05c
 .igot.plt      0x0000000020002418        0x0 /usr/lib/gcc/arm-none-eabi/10.3.1/thumb/v8-m.main+fp/softfp/crtbegin.o

.tdata          0x0000000020002418        0x0 load address 0x000000001002a05c
                0x0000000020002418                . = ALIGN (0x4)
 *(.tdata .tdata.* .gnu.linkonce.td.*)
                0x0000000020002418                __tdata_end = .
                0x0000000020002418                PROVIDE (__data_end__ = .)
                0x0000000010027d54                __etext = LOADADDR (.data)

.tbss           0x0000000020002418        0x0 load address 0x000000001002a05c
                0x0000000020002418                . = ALIGN (0x4)
                0x0000000020002418                __bss_start__ = .
                0x0000000020002418                __tls_base = .
 *(.tbss .tbss.* .gnu.linkonce.tb.*)
 *(.tcommon)
                0x0000000020002418                __tls_end = .

.bss            0x0000000020002418    0x7252c load address 0x000000001002a05c
                0x0000000020002418                . = ALIGN (0x4)
                0x0000000020002418                __tbss_end = .
 *(SORT_BY_ALIGNMENT(SORT_BY_NAME(.bss*)))
 .bss.default_alarm_pool_entries
                0x0000000020002418      0x180 CMakeFiles/main.dir/pico-sdk/src/common/pico_time/time.c.o
 .bss.last_avail_time.1
                0x0000000020002598        0x8 CMakeFiles/main.dir/pico-sdk/src/rp2_common/pico_stdio_usb/stdio_usb.c.o
 .bss           0x00000000200025a0       0x1c /usr/lib/gcc/arm-none-eabi/10.3.1/thumb/v8-m.main+fp/softfp/crtbegin.o
 .bss           0x00000000200025bc    0x6c8bc lib/Z-Ant/zig-out/lib/libstatic_lib.a(/home/marco/TheTinyBook/.zig-cache/o/20704ac8b4da9e2a7c9566b01f4d3fef/libstatic_lib.a.o)
 .bss           0x000000002006ee78       0x34 /usr/lib/gcc/arm-none-eabi/10.3.1/../../../arm-none-eabi/lib/thumb/v8-m.main+fp/softfp/libg.a(lib_a-mallocr.o)
                0x000000002006ee78                __malloc_top_pad
                0x000000002006ee7c                __malloc_current_mallinfo
                0x000000002006eea4                __malloc_max_sbrked_mem
                0x000000002006eea8                __malloc_max_total_mem
 .bss           0x000000002006eeac        0x4 /usr/lib/gcc/arm-none-eabi/10.3.1/../../../arm-none-eabi/lib/thumb/v8-m.main+fp/softfp/libg.a(lib_a-reent.o)
                0x000000002006eeac                errno
 .bss._app_driver
                0x000000002006eeb0        0x4 CMakeFiles/main.dir/pico-sdk/lib/tinyusb/src/device/usbd.c.o
 .bss._cdcd_fifo_cfg
                0x000000002006eeb4        0x1 CMakeFiles/main.dir/pico-sdk/lib/tinyusb/src/class/cdc/cdc_device.c.o
 *fill*         0x000000002006eeb5        0x3 
 .bss._cdcd_itf
                0x000000002006eeb8      0x2c8 CMakeFiles/main.dir/pico-sdk/lib/tinyusb/src/class/cdc/cdc_device.c.o
 .bss._ctrl_xfer
                0x000000002006f180       0x14 CMakeFiles/main.dir/pico-sdk/lib/tinyusb/src/device/usbd_control.c.o
 .bss._sw_spin_locks
                0x000000002006f194       0x20 CMakeFiles/main.dir/pico-sdk/src/rp2_common/hardware_sync_spin_lock/sync_spin_lock.c.o
                0x000000002006f194                _sw_spin_locks
 .bss._ubsd_mutexdef
                0x000000002006f1b4        0x8 CMakeFiles/main.dir/pico-sdk/lib/tinyusb/src/device/usbd.c.o
 .bss._usbd_ctrl_buf
                0x000000002006f1bc       0x40 CMakeFiles/main.dir/pico-sdk/lib/tinyusb/src/device/usbd_control.c.o
 .bss._usbd_dev
                0x000000002006f1fc       0x54 CMakeFiles/main.dir/pico-sdk/lib/tinyusb/src/device/usbd.c.o
 .bss._usbd_mutex
                0x000000002006f250        0x4 CMakeFiles/main.dir/pico-sdk/lib/tinyusb/src/device/usbd.c.o
 .bss._usbd_q   0x000000002006f254        0x4 CMakeFiles/main.dir/pico-sdk/lib/tinyusb/src/device/usbd.c.o
 .bss._usbd_qdef_buf
                0x000000002006f258       0xc0 CMakeFiles/main.dir/pico-sdk/lib/tinyusb/src/device/usbd.c.o
                0x000000002006f258                _usbd_qdef_buf
 .bss._vendord_itf
                0x000000002006f318      0x2cc CMakeFiles/main.dir/pico-sdk/lib/tinyusb/src/class/vendor/vendor_device.c.o
 .bss.audio_buffer
                0x000000002006f5e4     0x3e80 CMakeFiles/main.dir/src/main.c.o
                0x000000002006f5e4                audio_buffer
 .bss.audio_idx
                0x0000000020073464        0x4 CMakeFiles/main.dir/src/main.c.o
                0x0000000020073464                audio_idx
 .bss.chars_available_callback
                0x0000000020073468        0x4 CMakeFiles/main.dir/pico-sdk/src/rp2_common/pico_stdio_usb/stdio_usb.c.o
 .bss.chars_available_param
                0x000000002007346c        0x4 CMakeFiles/main.dir/pico-sdk/src/rp2_common/pico_stdio_usb/stdio_usb.c.o
 .bss.claimed   0x0000000020073470        0x4 CMakeFiles/main.dir/pico-sdk/src/rp2_common/hardware_sync/sync.c.o
 .bss.claimed   0x0000000020073474        0x2 CMakeFiles/main.dir/pico-sdk/src/rp2_common/hardware_timer/timer.c.o
 *fill*         0x0000000020073476        0x2 
 .bss.configured_freq
                0x0000000020073478       0x28 CMakeFiles/main.dir/pico-sdk/src/rp2_common/hardware_clocks/clocks.c.o
 .bss.desc_str.0
                0x00000000200734a0       0x28 CMakeFiles/main.dir/pico-sdk/src/rp2_common/pico_stdio_usb/stdio_usb_descriptors.c.o
 .bss.dma_rx    0x00000000200734c8        0x4 CMakeFiles/main.dir/src/main.c.o
                0x00000000200734c8                dma_rx
 .bss.drivers   0x00000000200734cc        0x4 CMakeFiles/main.dir/pico-sdk/src/rp2_common/pico_stdio/stdio.c.o
 .bss.e15_last_sof
                0x00000000200734d0        0x4 CMakeFiles/main.dir/pico-sdk/lib/tinyusb/src/portable/raspberrypi/rp2040/rp2040_usb.c.o
                0x00000000200734d0                e15_last_sof
 .bss.filter    0x00000000200734d4        0x4 CMakeFiles/main.dir/pico-sdk/src/rp2_common/pico_stdio/stdio.c.o
 .bss.heap_end.0
                0x00000000200734d8        0x4 CMakeFiles/main.dir/pico-sdk/src/rp2_common/pico_clib_interface/newlib_interface.c.o
 .bss.hw_endpoints
                0x00000000200734dc      0x400 CMakeFiles/main.dir/pico-sdk/lib/tinyusb/src/portable/raspberrypi/rp2040/dcd_rp2040.c.o
 .bss.lazy_vsnprintf
                0x00000000200738dc        0x4 CMakeFiles/main.dir/pico-sdk/src/rp2_common/pico_printf/printf.c.o
 .bss.load_value
                0x00000000200738e0        0x4 CMakeFiles/main.dir/pico-sdk/src/rp2_common/hardware_watchdog/watchdog.c.o
 .bss.next_buffer_ptr
                0x00000000200738e4        0x4 CMakeFiles/main.dir/pico-sdk/lib/tinyusb/src/portable/raspberrypi/rp2040/dcd_rp2040.c.o
 .bss.one_shot_timer_crit_sec
                0x00000000200738e8        0x8 CMakeFiles/main.dir/pico-sdk/src/rp2_common/pico_stdio_usb/stdio_usb.c.o
 .bss.pools     0x00000000200738f0       0x20 CMakeFiles/main.dir/pico-sdk/src/common/pico_time/time.c.o
 .bss.retrieved_id
                0x0000000020073910        0x8 CMakeFiles/main.dir/pico-sdk/src/rp2_common/pico_unique_id/unique_id.c.o
 .bss.rx_buffer
                0x0000000020073918     0x1000 CMakeFiles/main.dir/src/main.c.o
                0x0000000020073918                rx_buffer
 .bss.rx_count  0x0000000020074918        0x4 CMakeFiles/main.dir/src/main.c.o
                0x0000000020074918                rx_count
 .bss.sleep_notifier
                0x000000002007491c        0x4 CMakeFiles/main.dir/pico-sdk/src/common/pico_time/time.c.o
 .bss.stdio_usb_mutex
                0x0000000020074920        0x8 CMakeFiles/main.dir/pico-sdk/src/rp2_common/pico_stdio_usb/stdio_usb.c.o
 .bss.usbd_serial_str
                0x0000000020074928       0x11 CMakeFiles/main.dir/pico-sdk/src/rp2_common/pico_stdio_usb/stdio_usb_descriptors.c.o
 *fill*         0x0000000020074939        0x1 
 .bss._claimed  0x000000002007493a        0x2 CMakeFiles/main.dir/pico-sdk/src/rp2_common/hardware_dma/dma.c.o
 .bss._app_driver_count
                0x000000002007493c        0x1 CMakeFiles/main.dir/pico-sdk/lib/tinyusb/src/device/usbd.c.o
 .bss._sof_enable
                0x000000002007493d        0x1 CMakeFiles/main.dir/pico-sdk/lib/tinyusb/src/portable/raspberrypi/rp2040/dcd_rp2040.c.o
 .bss._usbd_queued_setup
                0x000000002007493e        0x1 CMakeFiles/main.dir/pico-sdk/lib/tinyusb/src/device/usbd.c.o
 .bss.irq_handler_chain_free_slot_head
                0x000000002007493f        0x1 CMakeFiles/main.dir/pico-sdk/src/rp2_common/hardware_irq/irq.c.o
 .bss.itf_num   0x0000000020074940        0x1 CMakeFiles/main.dir/pico-sdk/src/rp2_common/pico_stdio_usb/reset_interface.c.o
 .bss.low_priority_irq_num
                0x0000000020074941        0x1 CMakeFiles/main.dir/pico-sdk/src/rp2_common/pico_stdio_usb/stdio_usb.c.o
 .bss.one_shot_timer_pending
                0x0000000020074942        0x1 CMakeFiles/main.dir/pico-sdk/src/rp2_common/pico_stdio_usb/stdio_usb.c.o
 .bss.user_irq_claimed
                0x0000000020074943        0x1 CMakeFiles/main.dir/pico-sdk/src/rp2_common/hardware_irq/irq.c.o
 *(COMMON)
                [!provide]                        PROVIDE (__global_pointer$ = (. + 0x800))
 *(.sbss*)
                0x0000000020074944                . = ALIGN (0x4)
                0x0000000020074944                __bss_end__ = .

.heap           0x0000000020074944      0x800 load address 0x000000001002a05c
                0x0000000020074944                __end__ = .
                0x0000000020074944                end = __end__
 *(.heap*)
 .heap          0x0000000020074944      0x800 CMakeFiles/main.dir/pico-sdk/src/rp2_common/pico_crt0/crt0.S.o
                0x0000000020080000                __HeapLimit = (ORIGIN (RAM) + LENGTH (RAM))

.scratch_x      0x0000000020080000        0x0 load address 0x000000001002a05c
                0x0000000020080000                __scratch_x_start__ = .
 *(.scratch_x.*)
                0x0000000020080000                . = ALIGN (0x4)
                0x0000000020080000                __scratch_x_end__ = .
                0x000000001002a05c                __scratch_x_source__ = LOADADDR (.scratch_x)

.scratch_y      0x0000000020081000        0x0 load address 0x000000001002a05c
                0x0000000020081000                __scratch_y_start__ = .
 *(.scratch_y.*)
                0x0000000020081000                . = ALIGN (0x4)
                0x0000000020081000                __scratch_y_end__ = .
                0x000000001002a05c                __scratch_y_source__ = LOADADDR (.scratch_y)

.stack1_dummy   0x0000000020080000        0x0
 *(.stack1*)

.stack_dummy    0x0000000020081000      0x800
 *(.stack*)
 .stack         0x0000000020081000      0x800 CMakeFiles/main.dir/pico-sdk/src/rp2_common/pico_crt0/crt0.S.o

.flash_end      0x000000001002a05c       0x14
 *(.embedded_end_block*)
 .embedded_end_block
                0x000000001002a05c       0x14 CMakeFiles/main.dir/pico-sdk/src/rp2_common/pico_crt0/crt0.S.o
                0x000000001002a070                PROVIDE (__flash_binary_end = .)
                0x0000000020080000                __StackLimit = (ORIGIN (RAM) + LENGTH (RAM))
                0x0000000020081000                __StackOneTop = (ORIGIN (SCRATCH_X) + LENGTH (SCRATCH_X))
                0x0000000020082000                __StackTop = (ORIGIN (SCRATCH_Y) + LENGTH (SCRATCH_Y))
                0x0000000020081000                __StackOneBottom = (__StackOneTop - SIZEOF (.stack1_dummy))
                0x0000000020081800                __StackBottom = (__StackTop - SIZEOF (.stack_dummy))
                0x0000000020082000                PROVIDE (__stack = __StackTop)
                [!provide]                        PROVIDE (__heap_start = __end__)
                [!provide]                        PROVIDE (__heap_end = __HeapLimit)
                [!provide]                        PROVIDE (__tls_align = MAX (ALIGNOF (.tdata), ALIGNOF (.tbss)))
                [!provide]                        PROVIDE (__tls_size_align = (((__tls_size + __tls_align) - 0x1) & ~ ((__tls_align - 0x1))))
                [!provide]                        PROVIDE (__arm32_tls_tcb_offset = MAX (0x8, __tls_align))
                [!provide]                        PROVIDE (_end = __end__)
                [!provide]                        PROVIDE (__llvm_libc_heap_limit = __HeapLimit)
                0x0000000000000001                ASSERT ((__StackLimit >= __HeapLimit), region RAM overflowed)
                0x0000000000000001                ASSERT (((__binary_info_header_end - __logical_binary_start) <= 0x400), Binary info must be in first 1024 bytes of the binary)
                0x0000000000000001                ASSERT (((__embedded_block_end - __logical_binary_start) <= 0x1000), Embedded block must be in first 4096 bytes of the binary)
LOAD CMakeFiles/main.dir/src/main.c.o
LOAD CMakeFiles/main.dir/pico-sdk/src/rp2_common/hardware_spi/spi.c.o
LOAD CMakeFiles/main.dir/pico-sdk/src/rp2350/pico_platform/platform.c.o
LOAD CMakeFiles/main.dir/pico-sdk/src/rp2_common/pico_platform_panic/panic.c.o
LOAD CMakeFiles/main.dir/pico-sdk/src/common/hardware_claim/claim.c.o
LOAD CMakeFiles/main.dir/pico-sdk/src/rp2_common/hardware_sync/sync.c.o
LOAD CMakeFiles/main.dir/pico-sdk/src/rp2_common/hardware_sync_spin_lock/sync_spin_lock.c.o
LOAD CMakeFiles/main.dir/pico-sdk/src/rp2_common/hardware_clocks/clocks.c.o
LOAD CMakeFiles/main.dir/pico-sdk/src/rp2_common/hardware_gpio/gpio.c.o
LOAD CMakeFiles/main.dir/pico-sdk/src/rp2_common/hardware_irq/irq.c.o
LOAD CMakeFiles/main.dir/pico-sdk/src/rp2_common/hardware_irq/irq_handler_chain.S.o
LOAD CMakeFiles/main.dir/pico-sdk/src/common/pico_sync/sem.c.o
LOAD CMakeFiles/main.dir/pico-sdk/src/common/pico_sync/lock_core.c.o
LOAD CMakeFiles/main.dir/pico-sdk/src/common/pico_sync/mutex.c.o
LOAD CMakeFiles/main.dir/pico-sdk/src/common/pico_sync/critical_section.c.o
LOAD CMakeFiles/main.dir/pico-sdk/src/common/pico_time/time.c.o
LOAD CMakeFiles/main.dir/pico-sdk/src/common/pico_time/timeout_helper.c.o
LOAD CMakeFiles/main.dir/pico-sdk/src/rp2_common/hardware_timer/timer.c.o
LOAD CMakeFiles/main.dir/pico-sdk/src/common/pico_util/datetime.c.o
LOAD CMakeFiles/main.dir/pico-sdk/src/common/pico_util/pheap.c.o
LOAD CMakeFiles/main.dir/pico-sdk/src/common/pico_util/queue.c.o
LOAD CMakeFiles/main.dir/pico-sdk/src/rp2_common/hardware_pll/pll.c.o
LOAD CMakeFiles/main.dir/pico-sdk/src/rp2_common/hardware_vreg/vreg.c.o
LOAD CMakeFiles/main.dir/pico-sdk/src/rp2_common/hardware_watchdog/watchdog.c.o
LOAD CMakeFiles/main.dir/pico-sdk/src/rp2_common/hardware_ticks/ticks.c.o
LOAD CMakeFiles/main.dir/pico-sdk/src/rp2_common/pico_bootrom/bootrom.c.o
LOAD CMakeFiles/main.dir/pico-sdk/src/rp2_common/pico_bootrom/bootrom_lock.c.o
LOAD CMakeFiles/main.dir/pico-sdk/src/rp2_common/hardware_boot_lock/boot_lock.c.o
LOAD CMakeFiles/main.dir/pico-sdk/src/rp2_common/pico_flash/flash.c.o
LOAD CMakeFiles/main.dir/pico-sdk/src/rp2_common/hardware_xosc/xosc.c.o
LOAD CMakeFiles/main.dir/pico-sdk/src/rp2_common/hardware_dma/dma.c.o
LOAD CMakeFiles/main.dir/pico-sdk/src/rp2_common/pico_stdlib/stdlib.c.o
LOAD CMakeFiles/main.dir/pico-sdk/src/rp2_common/hardware_uart/uart.c.o
LOAD CMakeFiles/main.dir/pico-sdk/src/rp2_common/hardware_divider/divider.c.o
LOAD CMakeFiles/main.dir/pico-sdk/src/rp2_common/pico_runtime/runtime.c.o
LOAD CMakeFiles/main.dir/pico-sdk/src/rp2_common/pico_runtime_init/runtime_init.c.o
LOAD CMakeFiles/main.dir/pico-sdk/src/rp2_common/pico_runtime_init/runtime_init_clocks.c.o
LOAD CMakeFiles/main.dir/pico-sdk/src/rp2_common/pico_runtime_init/runtime_init_stack_guard.c.o
LOAD CMakeFiles/main.dir/pico-sdk/src/rp2_common/pico_bit_ops/bit_ops_aeabi.S.o
LOAD CMakeFiles/main.dir/pico-sdk/src/rp2_common/pico_divider/divider_compiler.c.o
LOAD CMakeFiles/main.dir/pico-sdk/src/rp2_common/pico_double/double_math.c.o
LOAD CMakeFiles/main.dir/pico-sdk/src/rp2_common/pico_double/double_aeabi_dcp.S.o
LOAD CMakeFiles/main.dir/pico-sdk/src/rp2_common/pico_double/double_fma_dcp.S.o
LOAD CMakeFiles/main.dir/pico-sdk/src/rp2_common/pico_double/double_sci_m33.S.o
LOAD CMakeFiles/main.dir/pico-sdk/src/rp2_common/pico_double/double_conv_m33.S.o
LOAD CMakeFiles/main.dir/pico-sdk/src/rp2_common/pico_float/float_math.c.o
LOAD CMakeFiles/main.dir/pico-sdk/src/rp2_common/pico_float/float_sci_m33_vfp.S.o
LOAD CMakeFiles/main.dir/pico-sdk/src/rp2_common/pico_float/float_conv_m33.S.o
LOAD CMakeFiles/main.dir/pico-sdk/src/rp2_common/pico_malloc/malloc.c.o
LOAD CMakeFiles/main.dir/pico-sdk/src/rp2_common/pico_atomic/atomic.c.o
LOAD CMakeFiles/main.dir/pico-sdk/src/rp2_common/pico_cxx_options/new_delete.cpp.o
LOAD CMakeFiles/main.dir/pico-sdk/src/rp2_common/pico_standard_binary_info/standard_binary_info.c.o
LOAD CMakeFiles/main.dir/pico-sdk/src/rp2_common/pico_printf/printf.c.o
LOAD CMakeFiles/main.dir/pico-sdk/src/rp2_common/pico_crt0/crt0.S.o
LOAD CMakeFiles/main.dir/pico-sdk/src/rp2_common/pico_clib_interface/newlib_interface.c.o
LOAD CMakeFiles/main.dir/pico-sdk/src/rp2_common/pico_stdio/stdio.c.o
LOAD CMakeFiles/main.dir/pico-sdk/src/rp2_common/pico_stdio_usb/reset_interface.c.o